******************************************************************************
                  MSP430 Linker PC v20.2.5                     
******************************************************************************
>> Linked Wed Feb 16 18:01:43 2022

OUTPUT FILE NAME:   <ROBT4451_Lab4_Third2.out>
ENTRY POINT SYMBOL: "_c_int00_noargs"  address: 000044ca


MEMORY CONFIGURATION

         name            origin    length      used     unused   attr    fill
----------------------  --------  ---------  --------  --------  ----  --------
  SFR                   00000000   00000010  00000000  00000010  RWIX
  PERIPHERALS_8BIT      00000010   000000f0  00000000  000000f0  RWIX
  PERIPHERALS_16BIT     00000100   00000100  00000000  00000100  RWIX
  INFOD                 00001800   00000080  00000000  00000080  RWIX
  INFOC                 00001880   00000080  00000000  00000080  RWIX
  INFOB                 00001900   00000080  00000000  00000080  RWIX
  INFOA                 00001980   00000080  00000000  00000080  RWIX
  USBRAM                00001c00   00000800  00000000  00000800  RWIX
  RAM                   00002400   00002000  000005f2  00001a0e  RWIX
  FLASH                 00004400   0000bb80  000004f4  0000b68c  RWIX
  INT00                 0000ff80   00000002  00000000  00000002  RWIX
  INT01                 0000ff82   00000002  00000000  00000002  RWIX
  INT02                 0000ff84   00000002  00000000  00000002  RWIX
  INT03                 0000ff86   00000002  00000000  00000002  RWIX
  INT04                 0000ff88   00000002  00000000  00000002  RWIX
  INT05                 0000ff8a   00000002  00000000  00000002  RWIX
  INT06                 0000ff8c   00000002  00000000  00000002  RWIX
  INT07                 0000ff8e   00000002  00000000  00000002  RWIX
  INT08                 0000ff90   00000002  00000000  00000002  RWIX
  INT09                 0000ff92   00000002  00000000  00000002  RWIX
  INT10                 0000ff94   00000002  00000000  00000002  RWIX
  INT11                 0000ff96   00000002  00000000  00000002  RWIX
  INT12                 0000ff98   00000002  00000000  00000002  RWIX
  INT13                 0000ff9a   00000002  00000000  00000002  RWIX
  INT14                 0000ff9c   00000002  00000000  00000002  RWIX
  INT15                 0000ff9e   00000002  00000000  00000002  RWIX
  INT16                 0000ffa0   00000002  00000000  00000002  RWIX
  INT17                 0000ffa2   00000002  00000000  00000002  RWIX
  INT18                 0000ffa4   00000002  00000000  00000002  RWIX
  INT19                 0000ffa6   00000002  00000000  00000002  RWIX
  INT20                 0000ffa8   00000002  00000000  00000002  RWIX
  INT21                 0000ffaa   00000002  00000000  00000002  RWIX
  INT22                 0000ffac   00000002  00000000  00000002  RWIX
  INT23                 0000ffae   00000002  00000000  00000002  RWIX
  INT24                 0000ffb0   00000002  00000000  00000002  RWIX
  INT25                 0000ffb2   00000002  00000000  00000002  RWIX
  INT26                 0000ffb4   00000002  00000000  00000002  RWIX
  INT27                 0000ffb6   00000002  00000000  00000002  RWIX
  INT28                 0000ffb8   00000002  00000000  00000002  RWIX
  INT29                 0000ffba   00000002  00000000  00000002  RWIX
  INT30                 0000ffbc   00000002  00000000  00000002  RWIX
  INT31                 0000ffbe   00000002  00000000  00000002  RWIX
  INT32                 0000ffc0   00000002  00000000  00000002  RWIX
  INT33                 0000ffc2   00000002  00000000  00000002  RWIX
  INT34                 0000ffc4   00000002  00000000  00000002  RWIX
  INT35                 0000ffc6   00000002  00000000  00000002  RWIX
  INT36                 0000ffc8   00000002  00000000  00000002  RWIX
  INT37                 0000ffca   00000002  00000000  00000002  RWIX
  INT38                 0000ffcc   00000002  00000000  00000002  RWIX
  INT39                 0000ffce   00000002  00000000  00000002  RWIX
  INT40                 0000ffd0   00000002  00000000  00000002  RWIX
  INT41                 0000ffd2   00000002  00000002  00000000  RWIX
  INT42                 0000ffd4   00000002  00000002  00000000  RWIX
  INT43                 0000ffd6   00000002  00000002  00000000  RWIX
  INT44                 0000ffd8   00000002  00000002  00000000  RWIX
  INT45                 0000ffda   00000002  00000002  00000000  RWIX
  INT46                 0000ffdc   00000002  00000002  00000000  RWIX
  INT47                 0000ffde   00000002  00000002  00000000  RWIX
  INT48                 0000ffe0   00000002  00000002  00000000  RWIX
  INT49                 0000ffe2   00000002  00000002  00000000  RWIX
  INT50                 0000ffe4   00000002  00000002  00000000  RWIX
  INT51                 0000ffe6   00000002  00000002  00000000  RWIX
  INT52                 0000ffe8   00000002  00000002  00000000  RWIX
  INT53                 0000ffea   00000002  00000002  00000000  RWIX
  INT54                 0000ffec   00000002  00000002  00000000  RWIX
  INT55                 0000ffee   00000002  00000002  00000000  RWIX
  INT56                 0000fff0   00000002  00000002  00000000  RWIX
  INT57                 0000fff2   00000002  00000002  00000000  RWIX
  INT58                 0000fff4   00000002  00000002  00000000  RWIX
  INT59                 0000fff6   00000002  00000002  00000000  RWIX
  INT60                 0000fff8   00000002  00000002  00000000  RWIX
  INT61                 0000fffa   00000002  00000002  00000000  RWIX
  INT62                 0000fffc   00000002  00000002  00000000  RWIX
  RESET                 0000fffe   00000002  00000002  00000000  RWIX
  FLASH2                00010000   000143f8  000067b2  0000dc46  RWIX


SECTION ALLOCATION MAP

 output                                  attributes/
section   page    origin      length       input sections
--------  ----  ----------  ----------   ----------------
.bss       0    00002400    00000286     UNINITIALIZED
                  00002400    000001f8     nok5110LCD.obj (.bss:currentPixelDisplay)
                  000025f8    00000064     (.common:rxBuffer)
                  0000265c    00000008     (.common:parmbuf)
                  00002664    00000008     (.common:xLocation)
                  0000266c    00000004     (.common:posCntFrHm)
                  00002670    00000004     (.common:posCount)
                  00002674    00000004     (.common:posCountPrev)
                  00002678    00000004     (.common:posCountTest)
                  0000267c    00000004     (.common:posHome)
                  00002680    00000002     (.common:count)
                  00002682    00000002     (.common:revPrev)
                  00002684    00000002     (.common:xPosPrev)

.data      0    00002686    000001ac     UNINITIALIZED
                  00002686    000000c8     rts430x_lc_rd_eabi.lib : defs.c.obj (.data:_ftable)
                  0000274e    00000078                            : host_device.c.obj (.data:_device)
                  000027c6    0000003c                            : host_device.c.obj (.data:_stream)
                  00002802    00000010     fediCmd.obj (.data)
                  00002812    00000006     nokLcdDraw.obj (.data)
                  00002818    00000004     LS7366RTestClient2.obj (.data)
                  0000281c    00000004     rts430x_lc_rd_eabi.lib : _lock.c.obj (.data:_lock)
                  00002820    00000004                            : _lock.c.obj (.data:_unlock)
                  00002824    00000004     LS7366RTestClient2.obj (.data:bufferCNTR)
                  00002828    00000004     LS7366RTestClient2.obj (.data:bufferDTR)
                  0000282c    00000004     rts430x_lc_rd_eabi.lib : strtok.c.obj (.data)
                  00002830    00000002                            : errno.c.obj (.data)

.cio       0    00002832    00000120     UNINITIALIZED
                  00002832    00000120     rts430x_lc_rd_eabi.lib : trgmsg.c.obj (.cio)

.stack     0    00004360    000000a0     UNINITIALIZED
                  00004360    00000004     rts430x_lc_rd_eabi.lib : boot.c.obj (.stack)
                  00004364    0000009c     --HOLE--

.text:_isr 
*          0    00004400    0000010c     
                  00004400    000000ca     LS7366RTestClient2.obj (.text:_isr:timer0A1ISR)
                  000044ca    0000001c     rts430x_lc_rd_eabi.lib : boot.c.obj (.text:_isr:_c_int00_noargs)
                  000044e6    00000014     ucsiUart.obj (.text:_isr:USCI_A1_ISR)
                  000044fa    0000000a     usciSpi.obj (.text:_isr:usciB1SpiIsr)
                  00004504    00000008     rts430x_lc_rd_eabi.lib : isr_trap.asm.obj (.text:_isr:__TI_ISR_TRAP)

.cinit     0    00004880    00000074     
                  00004880    00000052     (.cinit..data.load) [load image, compression = lzss]
                  000048d2    0000000c     (__TI_handler_table)
                  000048de    00000006     (.cinit..bss.load) [load image, compression = zero_init]
                  000048e4    00000010     (__TI_cinit_table)

.binit     0    00004400    00000000     

.init_array 
*          0    00004400    00000000     UNINITIALIZED

.const     0    0000450c    00000374     
                  0000450c    00000101     rts430x_lc_rd_eabi.lib : ctype.c.obj (.const:.string:_ctypes_)
                  0000460d    00000001     --HOLE-- [fill = 0]
                  0000460e    000000ca     fediCmd.obj (.const:.string)
                  000046d8    000000b0     usciCmdInterpreter.obj (.const:.string)
                  00004788    000000aa     LS7366RTestClient2.obj (.const:.string)
                  00004832    00000028     nok5110LCD.obj (.const:.string:$P$T0$1)
                  0000485a    00000026     rts430x_lc_rd_eabi.lib : _printfi.c.obj (.const:.string)

RTC        0    0000ffd2    00000002     
                  0000ffd2    00000002     rts430x_lc_rd_eabi.lib : int41.asm.obj (.int41)

PORT2      0    0000ffd4    00000002     
                  0000ffd4    00000002     rts430x_lc_rd_eabi.lib : int42.asm.obj (.int42)

TIMER2_A1 
*          0    0000ffd6    00000002     
                  0000ffd6    00000002     rts430x_lc_rd_eabi.lib : int43.asm.obj (.int43)

TIMER2_A0 
*          0    0000ffd8    00000002     
                  0000ffd8    00000002     rts430x_lc_rd_eabi.lib : int44.asm.obj (.int44)

USCI_B1    0    0000ffda    00000002     
                  0000ffda    00000002     usciSpi.obj (.int45)

USCI_A1    0    0000ffdc    00000002     
                  0000ffdc    00000002     ucsiUart.obj (.int46)

PORT1      0    0000ffde    00000002     
                  0000ffde    00000002     rts430x_lc_rd_eabi.lib : int47.asm.obj (.int47)

TIMER1_A1 
*          0    0000ffe0    00000002     
                  0000ffe0    00000002     rts430x_lc_rd_eabi.lib : int48.asm.obj (.int48)

TIMER1_A0 
*          0    0000ffe2    00000002     
                  0000ffe2    00000002     rts430x_lc_rd_eabi.lib : int49.asm.obj (.int49)

DMA        0    0000ffe4    00000002     
                  0000ffe4    00000002     rts430x_lc_rd_eabi.lib : int50.asm.obj (.int50)

USB_UBM    0    0000ffe6    00000002     
                  0000ffe6    00000002     rts430x_lc_rd_eabi.lib : int51.asm.obj (.int51)

TIMER0_A1 
*          0    0000ffe8    00000002     
                  0000ffe8    00000002     LS7366RTestClient2.obj (.int52)

TIMER0_A0 
*          0    0000ffea    00000002     
                  0000ffea    00000002     rts430x_lc_rd_eabi.lib : int53.asm.obj (.int53)

ADC12      0    0000ffec    00000002     
                  0000ffec    00000002     rts430x_lc_rd_eabi.lib : int54.asm.obj (.int54)

USCI_B0    0    0000ffee    00000002     
                  0000ffee    00000002     rts430x_lc_rd_eabi.lib : int55.asm.obj (.int55)

USCI_A0    0    0000fff0    00000002     
                  0000fff0    00000002     rts430x_lc_rd_eabi.lib : int56.asm.obj (.int56)

WDT        0    0000fff2    00000002     
                  0000fff2    00000002     rts430x_lc_rd_eabi.lib : int57.asm.obj (.int57)

TIMER0_B1 
*          0    0000fff4    00000002     
                  0000fff4    00000002     rts430x_lc_rd_eabi.lib : int58.asm.obj (.int58)

TIMER0_B0 
*          0    0000fff6    00000002     
                  0000fff6    00000002     rts430x_lc_rd_eabi.lib : int59.asm.obj (.int59)

COMP_B     0    0000fff8    00000002     
                  0000fff8    00000002     rts430x_lc_rd_eabi.lib : int60.asm.obj (.int60)

UNMI       0    0000fffa    00000002     
                  0000fffa    00000002     rts430x_lc_rd_eabi.lib : int61.asm.obj (.int61)

SYSNMI     0    0000fffc    00000002     
                  0000fffc    00000002     rts430x_lc_rd_eabi.lib : int62.asm.obj (.int62)

.reset     0    0000fffe    00000002     
                  0000fffe    00000002     rts430x_lc_rd_eabi.lib : boot.c.obj (.reset)

.text      0    00010000    000067b2     
                  00010000    00000890     nokLcdDraw.obj (.text:nokLcdDispBarMode)
                  00010890    0000072a     rts430x_lc_rd_eabi.lib : addd.c.obj (.text:__mspabi_addd)
                  00010fba    00000518     nokLcdDraw.obj (.text:nokLcdDispLineMode)
                  000114d2    000004bc     usciCmdInterpreter.obj (.text:executeCmd)
                  0001198e    00000466     rts430x_lc_rd_eabi.lib : frcdivd.c.obj (.text:__TI_frcdivd)
                  00011df4    0000044c     usciCmdInterpreter.obj (.text:parseCmd)
                  00012240    0000034e     rts430x_lc_rd_eabi.lib : div64u.c.obj (.text:__mspabi_divull)
                  0001258e    000002a6                            : _printfi.c.obj (.text:__TI_printfi)
                  00012834    00000298                            : mpyd.c.obj (.text:__mspabi_mpyd)
                  00012acc    0000027a                            : _printfi.c.obj (.text:_setfield)
                  00012d46    00000268                            : _printfi.c.obj (.text:_pproc_fgea)
                  00012fae    0000023c                            : strtol.c.obj (.text:strtol)
                  000131ea    00000224                            : _printfi.c.obj (.text:acvt)
                  0001340e    00000222                            : divd.c.obj (.text:__mspabi_divd)
                  00013630    0000020c                            : _printfi.c.obj (.text:_getarg_diouxp)
                  0001383c    000001f6     nok5110LCD.obj (.text:nokLcdDrawLine)
                  00013a32    000001e6     rts430x_lc_rd_eabi.lib : _printfi.c.obj (.text:ecvt)
                  00013c18    000001c8                            : _printfi.c.obj (.text:fcvt)
                  00013de0    000001a2                            : _printfi.c.obj (.text:_pconv_e)
                  00013f82    00000174     LS7366RTestClient2.obj (.text:main)
                  000140f6    00000170     rts430x_lc_rd_eabi.lib : _printfi.c.obj (.text:_pconv_a)
                  00014266    00000164                            : frcmpyd.c.obj (.text:__TI_frcmpyd)
                  000143ca    0000015a                            : s_scalbn.c.obj (.text:scalbn)
                  00014524    00000148                            : _printfi.c.obj (.text:_pproc_diouxp)
                  0001466c    00000138     nok5110LCD.obj (.text:nokLcdLoading)
                  000147a4    00000128     rts430x_lc_rd_eabi.lib : _printfi.c.obj (.text:_ltostr)
                  000148cc    00000124     nokLcdDraw.obj (.text:initPrev)
                  000149f0    00000122     fediCmd.obj (.text:fediRead)
                  00014b12    0000010e     fediCmd.obj (.text:fediFw)
                  00014c20    000000fc     rts430x_lc_rd_eabi.lib : _printfi.c.obj (.text:_pconv_g)
                  00014d1c    000000ea                            : _printfi.c.obj (.text:_pproc_fwp)
                  00014e06    000000d8                            : cmpd.c.obj (.text:__mspabi_cmpd)
                  00014ede    000000d2     usciCmdInterpreter.obj (.text:initCmdList)
                  00014fb0    000000c8     rts430x_lc_rd_eabi.lib : _printfi.c.obj (.text:_pproc_wstr)
                  00015078    000000b4     nok5110LCD.obj (.text:nokLcdSetPixel)
                  0001512c    000000ae     LS7366R.obj (.text:LS7366Rread)
                  000151da    000000ae     usciSpi.obj (.text:usciB1SpiInit)
                  00015288    000000a6     rts430x_lc_rd_eabi.lib : _printfi.c.obj (.text:_pproc_str)
                  0001532e    000000a6                            : s_frexp.c.obj (.text:frexp)
                  000153d4    0000009e                            : fltlid.c.obj (.text:__mspabi_fltlid)
                  00015472    0000009a                            : hostlseek.c.obj (.text:HOSTlseek)
                  0001550c    00000090                            : _printfi.c.obj (.text:_ecpy)
                  0001559c    00000090                            : _printfi.c.obj (.text:_mcpy)
                  0001562c    0000008e     LS7366R.obj (.text:LS7366Rwrite)
                  000156ba    00000080     rts430x_lc_rd_eabi.lib : _ltoa.c.obj (.text:__TI_ltoa)
                  0001573a    00000078                            : _printfi.c.obj (.text:_pconv_f)
                  000157b2    00000078     nok5110LCD.obj (.text:nokLcdClear)
                  0001582a    00000078     nok5110LCD.obj (.text:nokLcdFull)
                  000158a2    00000076     rts430x_lc_rd_eabi.lib : copy_decompress_lzss.c.obj (.text:decompress:lzss:__TI_decompress_lzss)
                  00015918    00000074                            : hostrename.c.obj (.text:HOSTrename)
                  0001598c    00000070                            : hostopen.c.obj (.text:HOSTopen)
                  000159fc    0000006c                            : hostwrite.c.obj (.text:HOSTwrite)
                  00015a68    0000006a                            : hostread.c.obj (.text:HOSTread)
                  00015ad2    0000006a                            : fseek.c.obj (.text:fseek)
                  00015b3c    00000066                            : fixdli.c.obj (.text:__mspabi_fixdli)
                  00015ba2    00000064                            : fflush.c.obj (.text:__TI_doflush)
                  00015c06    00000064     fediCmd.obj (.text:fediHome)
                  00015c6a    00000062     rts430x_lc_rd_eabi.lib : atoi.c.obj (.text:atoi)
                  00015ccc    0000005c                            : mult64_f5hw.asm.obj (.text:__mpyll)
                  00015d28    0000005c     nok5110LCD.obj (.text:nokLcdInit)
                  00015d84    00000058     rts430x_lc_rd_eabi.lib : div32u.asm.obj (.text)
                  00015ddc    00000056     ucsiUart.obj (.text:usciA1UartGets)
                  00015e32    00000054     rts430x_lc_rd_eabi.lib : autoinit.c.obj (.text:__TI_auto_init_nobinit_nopinit_hold_wdt:__TI_auto_init_nobinit_nopinit_hold_wdt)
                  00015e86    00000054     nok5110LCD.obj (.text:nokLcdDrawScrnLine)
                  00015eda    00000054     rts430x_lc_rd_eabi.lib : strtok.c.obj (.text:strtok)
                  00015f2e    0000004e                            : hostclose.c.obj (.text:HOSTclose)
                  00015f7c    0000004e                            : _printfi.c.obj (.text:_fcpy)
                  00015fca    00000046                            : hostunlink.c.obj (.text:HOSTunlink)
                  00016010    00000044                            : sprintf.c.obj (.text:sprintf)
                  00016054    00000040                            : asr64.c.obj (.text:__mspabi_srall)
                  00016094    00000040                            : div32s.asm.obj (.text)
                  000160d4    00000040     usciCmdInterpreter.obj (.text:validateCmd)
                  00016114    0000003e     rts430x_lc_rd_eabi.lib : asr32.asm.obj (.text:l_asr_const)
                  00016152    0000003e                            : lsl32.asm.obj (.text:l_lsl_const)
                  00016190    0000003e                            : lsr32.asm.obj (.text:l_lsr_const)
                  000161ce    0000003e                            : lseek.c.obj (.text:lseek)
                  0001620c    0000003c                            : write.c.obj (.text:write)
                  00016248    0000003a                            : lsl64.c.obj (.text:__mspabi_sllll)
                  00016282    0000003a                            : lsr64.c.obj (.text:__mspabi_srlll)
                  000162bc    00000036                            : trgmsg.c.obj (.text:__TI_writemsg)
                  000162f2    00000034     LS7366R.obj (.text:LS7366Rclear)
                  00016326    00000032     rts430x_lc_rd_eabi.lib : trgmsg.c.obj (.text:__TI_readmsg)
                  00016358    00000032                            : subd.c.obj (.text:__mspabi_subd)
                  0001638a    00000030     LS7366R.obj (.text:LS7366Rload)
                  000163ba    00000030     ucsiUart.obj (.text:ucsiA1UartInit)
                  000163ea    0000002e     rts430x_lc_rd_eabi.lib : negd.c.obj (.text:__mspabi_negd)
                  00016418    0000002e                            : s_copysign.c.obj (.text:copysign)
                  00016446    0000002c                            : mult3264_f5hw.asm.obj (.text:__mpyull)
                  00016472    0000002c                            : strcspn.c.obj (.text:strcspn)
                  0001649e    0000002a     LS7366R.obj (.text:LS7366Rinit)
                  000164c8    0000002a     nok5110LCD.obj (.text:nokLcdWrite)
                  000164f2    0000002a     rts430x_lc_rd_eabi.lib : strspn.c.obj (.text:strspn)
                  0001651c    00000028                            : fixdi.c.obj (.text:__mspabi_fixdi)
                  00016544    00000026     fediCmd.obj (.text:fediDisp)
                  0001656a    00000026     rts430x_lc_rd_eabi.lib : memccpy.c.obj (.text:memccpy)
                  00016590    00000024                            : copy_zero_init.c.obj (.text:decompress:ZI:__TI_zero_init_nomemset:__TI_zero_init_nomemset)
                  000165b4    00000024                            : mult32_f5hw.asm.obj (.text)
                  000165d8    00000020                            : sprintf.c.obj (.text:_outs)
                  000165f8    00000020     ucsiUart.obj (.text:ucsiA1UartTxString)
                  00016618    0000001c     rts430x_lc_rd_eabi.lib : strchr.c.obj (.text:strchr)
                  00016634    0000001c                            : strcmp.c.obj (.text:strcmp)
                  00016650    00000018                            : mult16_f5hw.asm.obj (.text)
                  00016668    00000016                            : memset.c.obj (.text:memset)
                  0001667e    00000016                            : div16u.asm.obj (.text)
                  00016694    00000016                            : wcslen.c.obj (.text:wcslen)
                  000166aa    00000014                            : sprintf.c.obj (.text:_outc)
                  000166be    00000014                            : memcpy.c.obj (.text:memcpy)
                  000166d2    00000014     usciSpi.obj (.text:usciB1SpiClkDiv)
                  000166e6    00000012     rts430x_lc_rd_eabi.lib : copy_decompress_none.c.obj (.text:decompress:none:__TI_decompress_none)
                  000166f8    00000012     LS7366RTestClient2.obj (.text:initTA0)
                  0001670a    00000012     rts430x_lc_rd_eabi.lib : strcpy.c.obj (.text:strcpy)
                  0001671c    00000012                            : toupper.c.obj (.text:toupper)
                  0001672e    00000010                            : lsr32.asm.obj (.text:l_lsr)
                  0001673e    0000000e                            : strlen.c.obj (.text:strlen)
                  0001674c    0000000c                            : fltid.c.obj (.text:__mspabi_fltid)
                  00016758    0000000c     nok5110LCD.obj (.text:spiTxByte)
                  00016764    0000000c     ucsiUart.obj (.text:ucsiA1UartTxChar)
                  00016770    0000000c     usciSpi.obj (.text:usciB1SpiPutChar)
                  0001677c    0000000a     rts430x_lc_rd_eabi.lib : abs.c.obj (.text:abs)
                  00016786    0000000a     fediCmd.obj (.text:fediClr)
                  00016790    0000000a     rts430x_lc_rd_eabi.lib : rewind.c.obj (.text:rewind)
                  0001679a    0000000a                            : lsl16.asm.obj (.text)
                  000167a4    00000006                            : exit.c.obj (.text:abort)
                  000167aa    00000004                            : pre_init.c.obj (.text:_system_pre_init)
                  000167ae    00000002                            : _lock.c.obj (.text:_nop)
                  000167b0    00000002                            : startup.c.obj (.text:_system_post_cinit)

MODULE SUMMARY

       Module                       code    ro data   rw data
       ------                       ----    -------   -------
    .\
       nokLcdDraw.obj               3788    0         18     
       usciCmdInterpreter.obj       2586    176       0      
       nok5110LCD.obj               1464    40        504    
       fediCmd.obj                  708     202       16     
       LS7366RTestClient2.obj       592     172       134    
       LS7366R.obj                  458     0         0      
       usciSpi.obj                  216     2         0      
       ucsiUart.obj                 198     2         0      
    +--+----------------------------+-------+---------+---------+
       Total:                       10010   594       672    
                                                             
    C:\ti\ccs1040\ccs\tools\compiler\ti-cgt-msp430_20.2.5.LTS\lib\rts430x_lc_rd_eabi.lib
       _printfi.c.obj               6690    38        0      
       addd.c.obj                   1834    0         0      
       frcdivd.c.obj                1126    0         0      
       div64u.c.obj                 846     0         0      
       mpyd.c.obj                   664     0         0      
       strtol.c.obj                 572     0         0      
       divd.c.obj                   546     0         0      
       trgmsg.c.obj                 104     0         288    
       frcmpyd.c.obj                356     0         0      
       s_scalbn.c.obj               346     0         0      
       ctype.c.obj                  0       257       0      
       cmpd.c.obj                   216     0         0      
       defs.c.obj                   0       0         200    
       host_device.c.obj            0       0         180    
       s_frexp.c.obj                166     0         0      
       fltlid.c.obj                 158     0         0      
       hostlseek.c.obj              154     0         0      
       _ltoa.c.obj                  128     0         0      
       hostopen.c.obj               112     0         8      
       sprintf.c.obj                120     0         0      
       copy_decompress_lzss.c.obj   118     0         0      
       hostrename.c.obj             116     0         0      
       hostwrite.c.obj              108     0         0      
       fseek.c.obj                  106     0         0      
       hostread.c.obj               106     0         0      
       fixdli.c.obj                 102     0         0      
       fflush.c.obj                 100     0         0      
       atoi.c.obj                   98      0         0      
       mult64_f5hw.asm.obj          92      0         0      
       div32u.asm.obj               88      0         0      
       strtok.c.obj                 84      0         4      
       autoinit.c.obj               84      0         0      
       hostclose.c.obj              78      0         0      
       lsr32.asm.obj                78      0         0      
       hostunlink.c.obj             70      0         0      
       asr64.c.obj                  64      0         0      
       div32s.asm.obj               64      0         0      
       asr32.asm.obj                62      0         0      
       lseek.c.obj                  62      0         0      
       lsl32.asm.obj                62      0         0      
       write.c.obj                  60      0         0      
       lsl64.c.obj                  58      0         0      
       lsr64.c.obj                  58      0         0      
       subd.c.obj                   50      0         0      
       negd.c.obj                   46      0         0      
       s_copysign.c.obj             46      0         0      
       mult3264_f5hw.asm.obj        44      0         0      
       strcspn.c.obj                44      0         0      
       strspn.c.obj                 42      0         0      
       fixdi.c.obj                  40      0         0      
       memccpy.c.obj                38      0         0      
       copy_zero_init.c.obj         36      0         0      
       mult32_f5hw.asm.obj          36      0         0      
       boot.c.obj                   28      2         0      
       strchr.c.obj                 28      0         0      
       strcmp.c.obj                 28      0         0      
       mult16_f5hw.asm.obj          24      0         0      
       div16u.asm.obj               22      0         0      
       memset.c.obj                 22      0         0      
       wcslen.c.obj                 22      0         0      
       memcpy.c.obj                 20      0         0      
       copy_decompress_none.c.obj   18      0         0      
       strcpy.c.obj                 18      0         0      
       toupper.c.obj                18      0         0      
       strlen.c.obj                 14      0         0      
       fltid.c.obj                  12      0         0      
       _lock.c.obj                  2       0         8      
       abs.c.obj                    10      0         0      
       lsl16.asm.obj                10      0         0      
       rewind.c.obj                 10      0         0      
       isr_trap.asm.obj             8       0         0      
       exit.c.obj                   6       0         0      
       pre_init.c.obj               4       0         0      
       errno.c.obj                  0       0         2      
       int41.asm.obj                0       2         0      
       int42.asm.obj                0       2         0      
       int43.asm.obj                0       2         0      
       int44.asm.obj                0       2         0      
       int47.asm.obj                0       2         0      
       int48.asm.obj                0       2         0      
       int49.asm.obj                0       2         0      
       int50.asm.obj                0       2         0      
       int51.asm.obj                0       2         0      
       int53.asm.obj                0       2         0      
       int54.asm.obj                0       2         0      
       int55.asm.obj                0       2         0      
       int56.asm.obj                0       2         0      
       int57.asm.obj                0       2         0      
       int58.asm.obj                0       2         0      
       int59.asm.obj                0       2         0      
       int60.asm.obj                0       2         0      
       int61.asm.obj                0       2         0      
       int62.asm.obj                0       2         0      
       startup.c.obj                2       0         0      
    +--+----------------------------+-------+---------+---------+
       Total:                       16804   335       690    
                                                             
       Stack:                       0       0         160    
       Linker Generated:            0       116       0      
    +--+----------------------------+-------+---------+---------+
       Grand Total:                 26814   1045      1522   


LINKER GENERATED COPY TABLES

__TI_cinit_table @ 000048e4 records: 2, size/record: 8, table size: 16
	.data: load addr=00004880, load size=00000052 bytes, run addr=00002686, run size=000001ac bytes, compression=lzss
	.bss: load addr=000048de, load size=00000006 bytes, run addr=00002400, run size=00000286 bytes, compression=zero_init


LINKER GENERATED HANDLER TABLE

__TI_handler_table @ 000048d2 records: 3, size/record: 4, table size: 12
	index: 0, handler: __TI_zero_init
	index: 1, handler: __TI_decompress_lzss
	index: 2, handler: __TI_decompress_none


GLOBAL SYMBOLS: SORTED ALPHABETICALLY BY Name 

address   name                                   
-------   ----                                   
00000700  ADC12CTL0                              
00000701  ADC12CTL0_H                            
00000700  ADC12CTL0_L                            
00000702  ADC12CTL1                              
00000703  ADC12CTL1_H                            
00000702  ADC12CTL1_L                            
00000704  ADC12CTL2                              
00000705  ADC12CTL2_H                            
00000704  ADC12CTL2_L                            
0000070c  ADC12IE                                
0000070d  ADC12IE_H                              
0000070c  ADC12IE_L                              
0000070a  ADC12IFG                               
0000070b  ADC12IFG_H                             
0000070a  ADC12IFG_L                             
0000070e  ADC12IV                                
0000070f  ADC12IV_H                              
0000070e  ADC12IV_L                              
00000710  ADC12MCTL0                             
00000711  ADC12MCTL1                             
0000071a  ADC12MCTL10                            
0000071b  ADC12MCTL11                            
0000071c  ADC12MCTL12                            
0000071d  ADC12MCTL13                            
0000071e  ADC12MCTL14                            
0000071f  ADC12MCTL15                            
00000712  ADC12MCTL2                             
00000713  ADC12MCTL3                             
00000714  ADC12MCTL4                             
00000715  ADC12MCTL5                             
00000716  ADC12MCTL6                             
00000717  ADC12MCTL7                             
00000718  ADC12MCTL8                             
00000719  ADC12MCTL9                             
00000720  ADC12MEM0                              
00000721  ADC12MEM0_H                            
00000720  ADC12MEM0_L                            
00000722  ADC12MEM1                              
00000734  ADC12MEM10                             
00000735  ADC12MEM10_H                           
00000734  ADC12MEM10_L                           
00000736  ADC12MEM11                             
00000737  ADC12MEM11_H                           
00000736  ADC12MEM11_L                           
00000738  ADC12MEM12                             
00000739  ADC12MEM12_H                           
00000738  ADC12MEM12_L                           
0000073a  ADC12MEM13                             
0000073b  ADC12MEM13_H                           
0000073a  ADC12MEM13_L                           
0000073c  ADC12MEM14                             
0000073d  ADC12MEM14_H                           
0000073c  ADC12MEM14_L                           
0000073e  ADC12MEM15                             
0000073f  ADC12MEM15_H                           
0000073e  ADC12MEM15_L                           
00000723  ADC12MEM1_H                            
00000722  ADC12MEM1_L                            
00000724  ADC12MEM2                              
00000725  ADC12MEM2_H                            
00000724  ADC12MEM2_L                            
00000726  ADC12MEM3                              
00000727  ADC12MEM3_H                            
00000726  ADC12MEM3_L                            
00000728  ADC12MEM4                              
00000729  ADC12MEM4_H                            
00000728  ADC12MEM4_L                            
0000072a  ADC12MEM5                              
0000072b  ADC12MEM5_H                            
0000072a  ADC12MEM5_L                            
0000072c  ADC12MEM6                              
0000072d  ADC12MEM6_H                            
0000072c  ADC12MEM6_L                            
0000072e  ADC12MEM7                              
0000072f  ADC12MEM7_H                            
0000072e  ADC12MEM7_L                            
00000730  ADC12MEM8                              
00000731  ADC12MEM8_H                            
00000730  ADC12MEM8_L                            
00000732  ADC12MEM9                              
00000733  ADC12MEM9_H                            
00000732  ADC12MEM9_L                            
000167a4  C$$EXIT                                
000162ee  C$$IO$$                                
000008c0  CBCTL0                                 
000008c1  CBCTL0_H                               
000008c0  CBCTL0_L                               
000008c2  CBCTL1                                 
000008c3  CBCTL1_H                               
000008c2  CBCTL1_L                               
000008c4  CBCTL2                                 
000008c5  CBCTL2_H                               
000008c4  CBCTL2_L                               
000008c6  CBCTL3                                 
000008c7  CBCTL3_H                               
000008c6  CBCTL3_L                               
000008cc  CBINT                                  
000008cd  CBINT_H                                
000008cc  CBINT_L                                
000008ce  CBIV                                   
00000150  CRCDI                                  
00000152  CRCDIRB                                
00000153  CRCDIRB_H                              
00000152  CRCDIRB_L                              
00000151  CRCDI_H                                
00000150  CRCDI_L                                
00000154  CRCINIRES                              
00000155  CRCINIRES_H                            
00000154  CRCINIRES_L                            
00000156  CRCRESR                                
00000157  CRCRESR_H                              
00000156  CRCRESR_L                              
00000510  DMA0CTL                                
00000516  DMA0DA                                 
00000518  DMA0DAH                                
00000516  DMA0DAL                                
00000512  DMA0SA                                 
00000514  DMA0SAH                                
00000512  DMA0SAL                                
0000051a  DMA0SZ                                 
00000520  DMA1CTL                                
00000526  DMA1DA                                 
00000528  DMA1DAH                                
00000526  DMA1DAL                                
00000522  DMA1SA                                 
00000524  DMA1SAH                                
00000522  DMA1SAL                                
0000052a  DMA1SZ                                 
00000530  DMA2CTL                                
00000536  DMA2DA                                 
00000538  DMA2DAH                                
00000536  DMA2DAL                                
00000532  DMA2SA                                 
00000534  DMA2SAH                                
00000532  DMA2SAL                                
0000053a  DMA2SZ                                 
00000500  DMACTL0                                
00000502  DMACTL1                                
00000504  DMACTL2                                
00000506  DMACTL3                                
00000508  DMACTL4                                
0000050e  DMAIV                                  
00000140  FCTL1                                  
00000141  FCTL1_H                                
00000140  FCTL1_L                                
00000144  FCTL3                                  
00000145  FCTL3_H                                
00000144  FCTL3_L                                
00000146  FCTL4                                  
00000147  FCTL4_H                                
00000146  FCTL4_L                                
00015f2e  HOSTclose                              
00015472  HOSTlseek                              
0001598c  HOSTopen                               
00015a68  HOSTread                               
00015918  HOSTrename                             
00015fca  HOSTunlink                             
000159fc  HOSTwrite                              
000162f2  LS7366Rclear                           
0001649e  LS7366Rinit                            
0001638a  LS7366Rload                            
0001512c  LS7366Rread                            
0001562c  LS7366Rwrite                           
000004c4  MAC                                    
000004da  MAC32H                                 
000004db  MAC32H_H                               
000004da  MAC32H_L                               
000004d8  MAC32L                                 
000004d9  MAC32L_H                               
000004d8  MAC32L_L                               
000004c6  MACS                                   
000004de  MACS32H                                
000004df  MACS32H_H                              
000004de  MACS32H_L                              
000004dc  MACS32L                                
000004dd  MACS32L_H                              
000004dc  MACS32L_L                              
000004c7  MACS_H                                 
000004c6  MACS_L                                 
000004c5  MAC_H                                  
000004c4  MAC_L                                  
000004c0  MPY                                    
000004ec  MPY32CTL0                              
000004ed  MPY32CTL0_H                            
000004ec  MPY32CTL0_L                            
000004d2  MPY32H                                 
000004d3  MPY32H_H                               
000004d2  MPY32H_L                               
000004d0  MPY32L                                 
000004d1  MPY32L_H                               
000004d0  MPY32L_L                               
000004c2  MPYS                                   
000004d6  MPYS32H                                
000004d7  MPYS32H_H                              
000004d6  MPYS32H_L                              
000004d4  MPYS32L                                
000004d5  MPYS32L_H                              
000004d4  MPYS32L_L                              
000004c3  MPYS_H                                 
000004c2  MPYS_L                                 
000004c1  MPY_H                                  
000004c0  MPY_L                                  
000004c8  OP2                                    
000004e2  OP2H                                   
000004e3  OP2H_H                                 
000004e2  OP2H_L                                 
000004e0  OP2L                                   
000004e1  OP2L_H                                 
000004e0  OP2L_L                                 
000004c9  OP2_H                                  
000004c8  OP2_L                                  
0000020e  P1IV                                   
0000021e  P2IV                                   
000001e0  P4MAP01                                
000001e1  P4MAP01_H                              
000001e0  P4MAP01_L                              
000001e2  P4MAP23                                
000001e3  P4MAP23_H                              
000001e2  P4MAP23_L                              
000001e4  P4MAP45                                
000001e5  P4MAP45_H                              
000001e4  P4MAP45_L                              
000001e6  P4MAP67                                
000001e7  P4MAP67_H                              
000001e6  P4MAP67_L                              
00000204  PADIR                                  
00000205  PADIR_H                                
00000204  PADIR_L                                
00000208  PADS                                   
00000209  PADS_H                                 
00000208  PADS_L                                 
0000021a  PAIE                                   
00000218  PAIES                                  
00000219  PAIES_H                                
00000218  PAIES_L                                
0000021b  PAIE_H                                 
0000021a  PAIE_L                                 
0000021c  PAIFG                                  
0000021d  PAIFG_H                                
0000021c  PAIFG_L                                
00000200  PAIN                                   
00000201  PAIN_H                                 
00000200  PAIN_L                                 
00000202  PAOUT                                  
00000203  PAOUT_H                                
00000202  PAOUT_L                                
00000206  PAREN                                  
00000207  PAREN_H                                
00000206  PAREN_L                                
0000020a  PASEL                                  
0000020b  PASEL_H                                
0000020a  PASEL_L                                
00000224  PBDIR                                  
00000225  PBDIR_H                                
00000224  PBDIR_L                                
00000228  PBDS                                   
00000229  PBDS_H                                 
00000228  PBDS_L                                 
00000220  PBIN                                   
00000221  PBIN_H                                 
00000220  PBIN_L                                 
00000222  PBOUT                                  
00000223  PBOUT_H                                
00000222  PBOUT_L                                
00000226  PBREN                                  
00000227  PBREN_H                                
00000226  PBREN_L                                
0000022a  PBSEL                                  
0000022b  PBSEL_H                                
0000022a  PBSEL_L                                
00000244  PCDIR                                  
00000245  PCDIR_H                                
00000244  PCDIR_L                                
00000248  PCDS                                   
00000249  PCDS_H                                 
00000248  PCDS_L                                 
00000240  PCIN                                   
00000241  PCIN_H                                 
00000240  PCIN_L                                 
00000242  PCOUT                                  
00000243  PCOUT_H                                
00000242  PCOUT_L                                
00000246  PCREN                                  
00000247  PCREN_H                                
00000246  PCREN_L                                
0000024a  PCSEL                                  
0000024b  PCSEL_H                                
0000024a  PCSEL_L                                
00000264  PDDIR                                  
00000265  PDDIR_H                                
00000264  PDDIR_L                                
00000268  PDDS                                   
00000269  PDDS_H                                 
00000268  PDDS_L                                 
00000260  PDIN                                   
00000261  PDIN_H                                 
00000260  PDIN_L                                 
00000262  PDOUT                                  
00000263  PDOUT_H                                
00000262  PDOUT_L                                
00000266  PDREN                                  
00000267  PDREN_H                                
00000266  PDREN_L                                
0000026a  PDSEL                                  
0000026b  PDSEL_H                                
0000026a  PDSEL_L                                
00000324  PJDIR                                  
00000325  PJDIR_H                                
00000324  PJDIR_L                                
00000328  PJDS                                   
00000329  PJDS_H                                 
00000328  PJDS_L                                 
00000320  PJIN                                   
00000321  PJIN_H                                 
00000320  PJIN_L                                 
00000322  PJOUT                                  
00000323  PJOUT_H                                
00000322  PJOUT_L                                
00000326  PJREN                                  
00000327  PJREN_H                                
00000326  PJREN_L                                
00000130  PM5CTL0                                
00000131  PM5CTL0_H                              
00000130  PM5CTL0_L                              
000001c2  PMAPCTL                                
000001c3  PMAPCTL_H                              
000001c2  PMAPCTL_L                              
000001c0  PMAPKEYID                              
000001c1  PMAPKEYID_H                            
000001c0  PMAPKEYID_L                            
00000120  PMMCTL0                                
00000121  PMMCTL0_H                              
00000120  PMMCTL0_L                              
00000122  PMMCTL1                                
00000123  PMMCTL1_H                              
00000122  PMMCTL1_L                              
0000012c  PMMIFG                                 
0000012d  PMMIFG_H                               
0000012c  PMMIFG_L                               
0000012e  PMMRIE                                 
0000012f  PMMRIE_H                               
0000012e  PMMRIE_L                               
00000158  RCCTL0                                 
00000159  RCCTL0_H                               
00000158  RCCTL0_L                               
000001b0  REFCTL0                                
000001b1  REFCTL0_H                              
000001b0  REFCTL0_L                              
000004e4  RES0                                   
000004e5  RES0_H                                 
000004e4  RES0_L                                 
000004e6  RES1                                   
000004e7  RES1_H                                 
000004e6  RES1_L                                 
000004e8  RES2                                   
000004e9  RES2_H                                 
000004e8  RES2_L                                 
000004ea  RES3                                   
000004eb  RES3_H                                 
000004ea  RES3_L                                 
000004cc  RESHI                                  
000004cd  RESHI_H                                
000004cc  RESHI_L                                
000004ca  RESLO                                  
000004cb  RESLO_H                                
000004ca  RESLO_L                                
000004ba  RTCADOWDAY                             
000004bb  RTCADOWDAY_H                           
000004ba  RTCADOWDAY_L                           
000004b8  RTCAMINHR                              
000004b9  RTCAMINHR_H                            
000004b8  RTCAMINHR_L                            
000004a0  RTCCTL01                               
000004a1  RTCCTL01_H                             
000004a0  RTCCTL01_L                             
000004a2  RTCCTL23                               
000004a3  RTCCTL23_H                             
000004a2  RTCCTL23_L                             
000004b4  RTCDATE                                
000004b5  RTCDATE_H                              
000004b4  RTCDATE_L                              
000004ae  RTCIV                                  
000004ac  RTCPS                                  
000004a8  RTCPS0CTL                              
000004a9  RTCPS0CTL_H                            
000004a8  RTCPS0CTL_L                            
000004aa  RTCPS1CTL                              
000004ab  RTCPS1CTL_H                            
000004aa  RTCPS1CTL_L                            
000004ad  RTCPS_H                                
000004ac  RTCPS_L                                
000004b0  RTCTIM0                                
000004b1  RTCTIM0_H                              
000004b0  RTCTIM0_L                              
000004b2  RTCTIM1                                
000004b3  RTCTIM1_H                              
000004b2  RTCTIM1_L                              
000004b6  RTCYEAR                                
000004b7  RTCYEAR_H                              
000004b6  RTCYEAR_L                              
00000100  SFRIE1                                 
00000101  SFRIE1_H                               
00000100  SFRIE1_L                               
00000102  SFRIFG1                                
00000103  SFRIFG1_H                              
00000102  SFRIFG1_L                              
00000104  SFRRPCR                                
00000105  SFRRPCR_H                              
00000104  SFRRPCR_L                              
000004ce  SUMEXT                                 
000004cf  SUMEXT_H                               
000004ce  SUMEXT_L                               
00000124  SVSMHCTL                               
00000125  SVSMHCTL_H                             
00000124  SVSMHCTL_L                             
00000128  SVSMIO                                 
00000129  SVSMIO_H                               
00000128  SVSMIO_L                               
00000126  SVSMLCTL                               
00000127  SVSMLCTL_H                             
00000126  SVSMLCTL_L                             
00000198  SYSBERRIV                              
00000199  SYSBERRIV_H                            
00000198  SYSBERRIV_L                            
00000182  SYSBSLC                                
00000183  SYSBSLC_H                              
00000182  SYSBSLC_L                              
00000180  SYSCTL                                 
00000181  SYSCTL_H                               
00000180  SYSCTL_L                               
00000186  SYSJMBC                                
00000187  SYSJMBC_H                              
00000186  SYSJMBC_L                              
00000188  SYSJMBI0                               
00000189  SYSJMBI0_H                             
00000188  SYSJMBI0_L                             
0000018a  SYSJMBI1                               
0000018b  SYSJMBI1_H                             
0000018a  SYSJMBI1_L                             
0000018c  SYSJMBO0                               
0000018d  SYSJMBO0_H                             
0000018c  SYSJMBO0_L                             
0000018e  SYSJMBO1                               
0000018f  SYSJMBO1_H                             
0000018e  SYSJMBO1_L                             
0000019e  SYSRSTIV                               
0000019f  SYSRSTIV_H                             
0000019e  SYSRSTIV_L                             
0000019c  SYSSNIV                                
0000019d  SYSSNIV_H                              
0000019c  SYSSNIV_L                              
0000019a  SYSUNIV                                
0000019b  SYSUNIV_H                              
0000019a  SYSUNIV_L                              
00000352  TA0CCR0                                
00000354  TA0CCR1                                
00000356  TA0CCR2                                
00000358  TA0CCR3                                
0000035a  TA0CCR4                                
00000342  TA0CCTL0                               
00000344  TA0CCTL1                               
00000346  TA0CCTL2                               
00000348  TA0CCTL3                               
0000034a  TA0CCTL4                               
00000340  TA0CTL                                 
00000360  TA0EX0                                 
0000036e  TA0IV                                  
00000350  TA0R                                   
00000392  TA1CCR0                                
00000394  TA1CCR1                                
00000396  TA1CCR2                                
00000382  TA1CCTL0                               
00000384  TA1CCTL1                               
00000386  TA1CCTL2                               
00000380  TA1CTL                                 
000003a0  TA1EX0                                 
000003ae  TA1IV                                  
00000390  TA1R                                   
00000412  TA2CCR0                                
00000414  TA2CCR1                                
00000416  TA2CCR2                                
00000402  TA2CCTL0                               
00000404  TA2CCTL1                               
00000406  TA2CCTL2                               
00000400  TA2CTL                                 
00000420  TA2EX0                                 
0000042e  TA2IV                                  
00000410  TA2R                                   
000003d2  TB0CCR0                                
000003d4  TB0CCR1                                
000003d6  TB0CCR2                                
000003d8  TB0CCR3                                
000003da  TB0CCR4                                
000003dc  TB0CCR5                                
000003de  TB0CCR6                                
000003c2  TB0CCTL0                               
000003c4  TB0CCTL1                               
000003c6  TB0CCTL2                               
000003c8  TB0CCTL3                               
000003ca  TB0CCTL4                               
000003cc  TB0CCTL5                               
000003ce  TB0CCTL6                               
000003c0  TB0CTL                                 
000003e0  TB0EX0                                 
000003ee  TB0IV                                  
000003d0  TB0R                                   
000005d0  UCA0ABCTL                              
000005c6  UCA0BRW                                
000005c7  UCA0BRW_H                              
000005c6  UCA0BRW_L                              
000005c0  UCA0CTLW0                              
000005c1  UCA0CTLW0_H                            
000005c0  UCA0CTLW0_L                            
000005dc  UCA0ICTL                               
000005dd  UCA0ICTL_H                             
000005dc  UCA0ICTL_L                             
000005d2  UCA0IRCTL                              
000005d3  UCA0IRCTL_H                            
000005d2  UCA0IRCTL_L                            
000005de  UCA0IV                                 
000005c8  UCA0MCTL                               
000005cc  UCA0RXBUF                              
000005ca  UCA0STAT                               
000005ce  UCA0TXBUF                              
00000610  UCA1ABCTL                              
00000606  UCA1BRW                                
00000607  UCA1BRW_H                              
00000606  UCA1BRW_L                              
00000600  UCA1CTLW0                              
00000601  UCA1CTLW0_H                            
00000600  UCA1CTLW0_L                            
0000061c  UCA1ICTL                               
0000061d  UCA1ICTL_H                             
0000061c  UCA1ICTL_L                             
00000612  UCA1IRCTL                              
00000613  UCA1IRCTL_H                            
00000612  UCA1IRCTL_L                            
0000061e  UCA1IV                                 
00000608  UCA1MCTL                               
0000060c  UCA1RXBUF                              
0000060a  UCA1STAT                               
0000060e  UCA1TXBUF                              
000005e6  UCB0BRW                                
000005e7  UCB0BRW_H                              
000005e6  UCB0BRW_L                              
000005e0  UCB0CTLW0                              
000005e1  UCB0CTLW0_H                            
000005e0  UCB0CTLW0_L                            
000005f0  UCB0I2COA                              
000005f1  UCB0I2COA_H                            
000005f0  UCB0I2COA_L                            
000005f2  UCB0I2CSA                              
000005f3  UCB0I2CSA_H                            
000005f2  UCB0I2CSA_L                            
000005fc  UCB0ICTL                               
000005fd  UCB0ICTL_H                             
000005fc  UCB0ICTL_L                             
000005fe  UCB0IV                                 
000005ec  UCB0RXBUF                              
000005ea  UCB0STAT                               
000005ee  UCB0TXBUF                              
00000626  UCB1BRW                                
00000627  UCB1BRW_H                              
00000626  UCB1BRW_L                              
00000620  UCB1CTLW0                              
00000621  UCB1CTLW0_H                            
00000620  UCB1CTLW0_L                            
00000630  UCB1I2COA                              
00000631  UCB1I2COA_H                            
00000630  UCB1I2COA_L                            
00000632  UCB1I2CSA                              
00000633  UCB1I2CSA_H                            
00000632  UCB1I2CSA_L                            
0000063c  UCB1ICTL                               
0000063d  UCB1ICTL_H                             
0000063c  UCB1ICTL_L                             
0000063e  UCB1IV                                 
0000062c  UCB1RXBUF                              
0000062a  UCB1STAT                               
0000062e  UCB1TXBUF                              
00000160  UCSCTL0                                
00000161  UCSCTL0_H                              
00000160  UCSCTL0_L                              
00000162  UCSCTL1                                
00000163  UCSCTL1_H                              
00000162  UCSCTL1_L                              
00000164  UCSCTL2                                
00000165  UCSCTL2_H                              
00000164  UCSCTL2_L                              
00000166  UCSCTL3                                
00000167  UCSCTL3_H                              
00000166  UCSCTL3_L                              
00000168  UCSCTL4                                
00000169  UCSCTL4_H                              
00000168  UCSCTL4_L                              
0000016a  UCSCTL5                                
0000016b  UCSCTL5_H                              
0000016a  UCSCTL5_L                              
0000016c  UCSCTL6                                
0000016d  UCSCTL6_H                              
0000016c  UCSCTL6_L                              
0000016e  UCSCTL7                                
0000016f  UCSCTL7_H                              
0000016e  UCSCTL7_L                              
00000170  UCSCTL8                                
00000171  UCSCTL8_H                              
00000170  UCSCTL8_L                              
00000902  USBCNF                                 
00000903  USBCNF_H                               
00000902  USBCNF_L                               
0000093c  USBCTL                                 
0000093a  USBFN                                  
0000093b  USBFN_H                                
0000093a  USBFN_L                                
0000093f  USBFUNADR                              
0000093d  USBIE                                  
00002378  USBIEP0BUF                             
000023c9  USBIEPBBAX_1                           
000023d1  USBIEPBBAX_2                           
000023d9  USBIEPBBAX_3                           
000023e1  USBIEPBBAX_4                           
000023e9  USBIEPBBAX_5                           
000023f1  USBIEPBBAX_6                           
000023f9  USBIEPBBAX_7                           
000023cd  USBIEPBBAY_1                           
000023d5  USBIEPBBAY_2                           
000023dd  USBIEPBBAY_3                           
000023e5  USBIEPBBAY_4                           
000023ed  USBIEPBBAY_5                           
000023f5  USBIEPBBAY_6                           
000023fd  USBIEPBBAY_7                           
000023ca  USBIEPBCTX_1                           
000023d2  USBIEPBCTX_2                           
000023da  USBIEPBCTX_3                           
000023e2  USBIEPBCTX_4                           
000023ea  USBIEPBCTX_5                           
000023f2  USBIEPBCTX_6                           
000023fa  USBIEPBCTX_7                           
000023ce  USBIEPBCTY_1                           
000023d6  USBIEPBCTY_2                           
000023de  USBIEPBCTY_3                           
000023e6  USBIEPBCTY_4                           
000023ee  USBIEPBCTY_5                           
000023f6  USBIEPBCTY_6                           
000023fe  USBIEPBCTY_7                           
00000920  USBIEPCNF_0                            
000023c8  USBIEPCNF_1                            
000023d0  USBIEPCNF_2                            
000023d8  USBIEPCNF_3                            
000023e0  USBIEPCNF_4                            
000023e8  USBIEPCNF_5                            
000023f0  USBIEPCNF_6                            
000023f8  USBIEPCNF_7                            
00000921  USBIEPCNT_0                            
0000092e  USBIEPIE                               
00000930  USBIEPIFG                              
000023cf  USBIEPSIZXY_1                          
000023d7  USBIEPSIZXY_2                          
000023df  USBIEPSIZXY_3                          
000023e7  USBIEPSIZXY_4                          
000023ef  USBIEPSIZXY_5                          
000023f7  USBIEPSIZXY_6                          
000023ff  USBIEPSIZXY_7                          
0000093e  USBIFG                                 
00000900  USBKEYID                               
00000901  USBKEYID_H                             
00000900  USBKEYID_L                             
00000936  USBMAINT                               
00000937  USBMAINT_H                             
00000936  USBMAINT_L                             
00002370  USBOEP0BUF                             
00002389  USBOEPBBAX_1                           
00002391  USBOEPBBAX_2                           
00002399  USBOEPBBAX_3                           
000023a1  USBOEPBBAX_4                           
000023a9  USBOEPBBAX_5                           
000023b1  USBOEPBBAX_6                           
000023b9  USBOEPBBAX_7                           
0000238d  USBOEPBBAY_1                           
00002395  USBOEPBBAY_2                           
0000239d  USBOEPBBAY_3                           
000023a5  USBOEPBBAY_4                           
000023ad  USBOEPBBAY_5                           
000023b5  USBOEPBBAY_6                           
000023bd  USBOEPBBAY_7                           
0000238a  USBOEPBCTX_1                           
00002392  USBOEPBCTX_2                           
0000239a  USBOEPBCTX_3                           
000023a2  USBOEPBCTX_4                           
000023aa  USBOEPBCTX_5                           
000023b2  USBOEPBCTX_6                           
000023ba  USBOEPBCTX_7                           
0000238e  USBOEPBCTY_1                           
00002396  USBOEPBCTY_2                           
0000239e  USBOEPBCTY_3                           
000023a6  USBOEPBCTY_4                           
000023ae  USBOEPBCTY_5                           
000023b6  USBOEPBCTY_6                           
000023be  USBOEPBCTY_7                           
00000922  USBOEPCNF_0                            
00002388  USBOEPCNF_1                            
00002390  USBOEPCNF_2                            
00002398  USBOEPCNF_3                            
000023a0  USBOEPCNF_4                            
000023a8  USBOEPCNF_5                            
000023b0  USBOEPCNF_6                            
000023b8  USBOEPCNF_7                            
00000923  USBOEPCNT_0                            
0000092f  USBOEPIE                               
00000931  USBOEPIFG                              
0000238f  USBOEPSIZXY_1                          
00002397  USBOEPSIZXY_2                          
0000239f  USBOEPSIZXY_3                          
000023a7  USBOEPSIZXY_4                          
000023af  USBOEPSIZXY_5                          
000023b7  USBOEPSIZXY_6                          
000023bf  USBOEPSIZXY_7                          
00000904  USBPHYCTL                              
00000905  USBPHYCTL_H                            
00000904  USBPHYCTL_L                            
00000910  USBPLLCTL                              
00000911  USBPLLCTL_H                            
00000910  USBPLLCTL_L                            
00000912  USBPLLDIVB                             
00000913  USBPLLDIVB_H                           
00000912  USBPLLDIVB_L                           
00000914  USBPLLIR                               
00000915  USBPLLIR_H                             
00000914  USBPLLIR_L                             
00000908  USBPWRCTL                              
00000909  USBPWRCTL_H                            
00000908  USBPWRCTL_L                            
00001c00  USBSTABUFF                             
00002380  USBSUBLK                               
0000236f  USBTOPBUFF                             
00000938  USBTSREG                               
00000939  USBTSREG_H                             
00000938  USBTSREG_L                             
00000932  USBVECINT                              
00000933  USBVECINT_H                            
00000932  USBVECINT_L                            
000044e6  USCI_A1_ISR                            
0000015c  WDTCTL                                 
0000015d  WDTCTL_H                               
0000015c  WDTCTL_L                               
00002832  _CIOBUF_                               
00004400  __STACK_END                            
000000a0  __STACK_SIZE                           
000048e4  __TI_CINIT_Base                        
000048f4  __TI_CINIT_Limit                       
000048d2  __TI_Handler_Table_Base                
000048de  __TI_Handler_Table_Limit               
00004504  __TI_ISR_TRAP                          
00015e32  __TI_auto_init_nobinit_nopinit_hold_wdt
000158a2  __TI_decompress_lzss                   
000166e6  __TI_decompress_none                   
00015ba2  __TI_doflush                           
0001198e  __TI_frcdivd                           
00014266  __TI_frcmpyd                           
0000ffd2  __TI_int41                             
0000ffd4  __TI_int42                             
0000ffd6  __TI_int43                             
0000ffd8  __TI_int44                             
0000ffda  __TI_int45                             
0000ffdc  __TI_int46                             
0000ffde  __TI_int47                             
0000ffe0  __TI_int48                             
0000ffe2  __TI_int49                             
0000ffe4  __TI_int50                             
0000ffe6  __TI_int51                             
0000ffe8  __TI_int52                             
0000ffea  __TI_int53                             
0000ffec  __TI_int54                             
0000ffee  __TI_int55                             
0000fff0  __TI_int56                             
0000fff2  __TI_int57                             
0000fff4  __TI_int58                             
0000fff6  __TI_int59                             
0000fff8  __TI_int60                             
0000fffa  __TI_int61                             
0000fffc  __TI_int62                             
000156ba  __TI_ltoa                              
ffffffff  __TI_pprof_out_hndl                    
0001258e  __TI_printfi                           
ffffffff  __TI_prof_data_size                    
ffffffff  __TI_prof_data_start                   
00016326  __TI_readmsg                           
000162bc  __TI_writemsg                          
00016590  __TI_zero_init_nomemset                
ffffffff  __c_args__                             
00010890  __mspabi_addd                          
00014e06  __mspabi_cmpd                          
0001340e  __mspabi_divd                          
00016094  __mspabi_divli                         
0001667e  __mspabi_divu                          
00015d84  __mspabi_divul                         
00012240  __mspabi_divull                        
0001651c  __mspabi_fixdi                         
00015b3c  __mspabi_fixdli                        
0001674c  __mspabi_fltid                         
000153d4  __mspabi_fltlid                        
00012834  __mspabi_mpyd                          
00016650  __mspabi_mpyi_f5hw                     
000165b4  __mspabi_mpyl_f5hw                     
00015ccc  __mspabi_mpyll_f5hw                    
00016446  __mspabi_mpyull_f5hw                   
000163ea  __mspabi_negd                          
00016094  __mspabi_remli                         
0001667e  __mspabi_remu                          
00015d84  __mspabi_remul                         
0001679a  __mspabi_slli                          
0001618a  __mspabi_slll_1                        
00016166  __mspabi_slll_10                       
00016162  __mspabi_slll_11                       
0001615e  __mspabi_slll_12                       
0001615a  __mspabi_slll_13                       
00016156  __mspabi_slll_14                       
00016152  __mspabi_slll_15                       
00016186  __mspabi_slll_2                        
00016182  __mspabi_slll_3                        
0001617e  __mspabi_slll_4                        
0001617a  __mspabi_slll_5                        
00016176  __mspabi_slll_6                        
00016172  __mspabi_slll_7                        
0001616e  __mspabi_slll_8                        
0001616a  __mspabi_slll_9                        
00016248  __mspabi_sllll                         
0001614c  __mspabi_sral_1                        
00016128  __mspabi_sral_10                       
00016124  __mspabi_sral_11                       
00016120  __mspabi_sral_12                       
0001611c  __mspabi_sral_13                       
00016118  __mspabi_sral_14                       
00016114  __mspabi_sral_15                       
00016148  __mspabi_sral_2                        
00016144  __mspabi_sral_3                        
00016140  __mspabi_sral_4                        
0001613c  __mspabi_sral_5                        
00016138  __mspabi_sral_6                        
00016134  __mspabi_sral_7                        
00016130  __mspabi_sral_8                        
0001612c  __mspabi_sral_9                        
00016054  __mspabi_srall                         
0001672e  __mspabi_srll                          
000161c8  __mspabi_srll_1                        
000161a4  __mspabi_srll_10                       
000161a0  __mspabi_srll_11                       
0001619c  __mspabi_srll_12                       
00016198  __mspabi_srll_13                       
00016194  __mspabi_srll_14                       
00016190  __mspabi_srll_15                       
000161c4  __mspabi_srll_2                        
000161c0  __mspabi_srll_3                        
000161bc  __mspabi_srll_4                        
000161b8  __mspabi_srll_5                        
000161b4  __mspabi_srll_6                        
000161b0  __mspabi_srll_7                        
000161ac  __mspabi_srll_8                        
000161a8  __mspabi_srll_9                        
00016282  __mspabi_srlll                         
00016358  __mspabi_subd                          
000044ca  _c_int00_noargs                        
0000450c  _ctypes_                               
0000274e  _device                                
00002686  _ftable                                
0000281c  _lock                                  
000167ae  _nop                                   
0000fffe  _reset_vector                          
00004360  _stack                                 
000027c6  _stream                                
000167b0  _system_post_cinit                     
000167aa  _system_pre_init                       
00002820  _unlock                                
000167a4  abort                                  
0001677c  abs                                    
00015c6a  atoi                                   
00002824  bufferCNTR                             
00002828  bufferDTR                              
00016418  copysign                               
00016418  copysignl                              
00002680  count                                  
00002818  dispMode                               
00002830  errno                                  
000114d2  executeCmd                             
00016786  fediClr                                
00016544  fediDisp                               
00014b12  fediFw                                 
00015c06  fediHome                               
000149f0  fediRead                               
0001532e  frexp                                  
0001532e  frexpl                                 
00015ad2  fseek                                  
00002812  idxPrev                                
00014ede  initCmdList                            
000148cc  initPrev                               
000166f8  initTA0                                
000143ca  ldexp                                  
000143ca  ldexpl                                 
000161ce  lseek                                  
00013f82  main                                   
0001656a  memccpy                                
000166be  memcpy                                 
00016668  memset                                 
000157b2  nokLcdClear                            
00010000  nokLcdDispBarMode                      
00010fba  nokLcdDispLineMode                     
0001383c  nokLcdDrawLine                         
00015e86  nokLcdDrawScrnLine                     
0001582a  nokLcdFull                             
00015d28  nokLcdInit                             
0001466c  nokLcdLoading                          
00015078  nokLcdSetPixel                         
000164c8  nokLcdWrite                            
0000265c  parmbuf                                
00011df4  parseCmd                               
0000266c  posCntFrHm                             
00002670  posCount                               
00002674  posCountPrev                           
00002678  posCountTest                           
0000267c  posHome                                
00002682  revPrev                                
00016790  rewind                                 
000025f8  rxBuffer                               
000143ca  scalbn                                 
000143ca  scalbnl                                
00016758  spiTxByte                              
00016010  sprintf                                
00016618  strchr                                 
00016634  strcmp                                 
0001670a  strcpy                                 
00016472  strcspn                                
0001673e  strlen                                 
000164f2  strspn                                 
00015eda  strtok                                 
00012fae  strtol                                 
00002819  testMode                               
00004400  timer0A1ISR                            
0001671c  toupper                                
000163ba  ucsiA1UartInit                         
00016764  ucsiA1UartTxChar                       
000165f8  ucsiA1UartTxString                     
[...]
0000072c  ADC12MEM6_L                            
0000072d  ADC12MEM6_H                            
0000072e  ADC12MEM7                              
0000072e  ADC12MEM7_L                            
0000072f  ADC12MEM7_H                            
00000730  ADC12MEM8                              
00000730  ADC12MEM8_L                            
00000731  ADC12MEM8_H                            
00000732  ADC12MEM9                              
00000732  ADC12MEM9_L                            
00000733  ADC12MEM9_H                            
00000734  ADC12MEM10                             
00000734  ADC12MEM10_L                           
00000735  ADC12MEM10_H                           
00000736  ADC12MEM11                             
00000736  ADC12MEM11_L                           
00000737  ADC12MEM11_H                           
00000738  ADC12MEM12                             
00000738  ADC12MEM12_L                           
00000739  ADC12MEM12_H                           
0000073a  ADC12MEM13                             
0000073a  ADC12MEM13_L                           
0000073b  ADC12MEM13_H                           
0000073c  ADC12MEM14                             
0000073c  ADC12MEM14_L                           
0000073d  ADC12MEM14_H                           
0000073e  ADC12MEM15                             
0000073e  ADC12MEM15_L                           
0000073f  ADC12MEM15_H                           
000008c0  CBCTL0                                 
000008c0  CBCTL0_L                               
000008c1  CBCTL0_H                               
000008c2  CBCTL1                                 
000008c2  CBCTL1_L                               
000008c3  CBCTL1_H                               
000008c4  CBCTL2                                 
000008c4  CBCTL2_L                               
000008c5  CBCTL2_H                               
000008c6  CBCTL3                                 
000008c6  CBCTL3_L                               
000008c7  CBCTL3_H                               
000008cc  CBINT                                  
000008cc  CBINT_L                                
000008cd  CBINT_H                                
000008ce  CBIV                                   
00000900  USBKEYID                               
00000900  USBKEYID_L                             
00000901  USBKEYID_H                             
00000902  USBCNF                                 
00000902  USBCNF_L                               
00000903  USBCNF_H                               
00000904  USBPHYCTL                              
00000904  USBPHYCTL_L                            
00000905  USBPHYCTL_H                            
00000908  USBPWRCTL                              
00000908  USBPWRCTL_L                            
00000909  USBPWRCTL_H                            
00000910  USBPLLCTL                              
00000910  USBPLLCTL_L                            
00000911  USBPLLCTL_H                            
00000912  USBPLLDIVB                             
00000912  USBPLLDIVB_L                           
00000913  USBPLLDIVB_H                           
00000914  USBPLLIR                               
00000914  USBPLLIR_L                             
00000915  USBPLLIR_H                             
00000920  USBIEPCNF_0                            
00000921  USBIEPCNT_0                            
00000922  USBOEPCNF_0                            
00000923  USBOEPCNT_0                            
0000092e  USBIEPIE                               
0000092f  USBOEPIE                               
00000930  USBIEPIFG                              
00000931  USBOEPIFG                              
00000932  USBVECINT                              
00000932  USBVECINT_L                            
00000933  USBVECINT_H                            
00000936  USBMAINT                               
00000936  USBMAINT_L                             
00000937  USBMAINT_H                             
00000938  USBTSREG                               
00000938  USBTSREG_L                             
00000939  USBTSREG_H                             
0000093a  USBFN                                  
0000093a  USBFN_L                                
0000093b  USBFN_H                                
0000093c  USBCTL                                 
0000093d  USBIE                                  
0000093e  USBIFG                                 
0000093f  USBFUNADR                              
00001c00  USBSTABUFF                             
0000236f  USBTOPBUFF                             
00002370  USBOEP0BUF                             
00002378  USBIEP0BUF                             
00002380  USBSUBLK                               
00002388  USBOEPCNF_1                            
00002389  USBOEPBBAX_1                           
0000238a  USBOEPBCTX_1                           
0000238d  USBOEPBBAY_1                           
0000238e  USBOEPBCTY_1                           
0000238f  USBOEPSIZXY_1                          
00002390  USBOEPCNF_2                            
00002391  USBOEPBBAX_2                           
00002392  USBOEPBCTX_2                           
00002395  USBOEPBBAY_2                           
00002396  USBOEPBCTY_2                           
00002397  USBOEPSIZXY_2                          
00002398  USBOEPCNF_3                            
00002399  USBOEPBBAX_3                           
0000239a  USBOEPBCTX_3                           
0000239d  USBOEPBBAY_3                           
0000239e  USBOEPBCTY_3                           
0000239f  USBOEPSIZXY_3                          
000023a0  USBOEPCNF_4                            
000023a1  USBOEPBBAX_4                           
000023a2  USBOEPBCTX_4                           
000023a5  USBOEPBBAY_4                           
000023a6  USBOEPBCTY_4                           
000023a7  USBOEPSIZXY_4                          
000023a8  USBOEPCNF_5                            
000023a9  USBOEPBBAX_5                           
000023aa  USBOEPBCTX_5                           
000023ad  USBOEPBBAY_5                           
000023ae  USBOEPBCTY_5                           
000023af  USBOEPSIZXY_5                          
000023b0  USBOEPCNF_6                            
000023b1  USBOEPBBAX_6                           
000023b2  USBOEPBCTX_6                           
000023b5  USBOEPBBAY_6                           
000023b6  USBOEPBCTY_6                           
000023b7  USBOEPSIZXY_6                          
000023b8  USBOEPCNF_7                            
000023b9  USBOEPBBAX_7                           
000023ba  USBOEPBCTX_7                           
000023bd  USBOEPBBAY_7                           
000023be  USBOEPBCTY_7                           
000023bf  USBOEPSIZXY_7                          
000023c8  USBIEPCNF_1                            
000023c9  USBIEPBBAX_1                           
000023ca  USBIEPBCTX_1                           
000023cd  USBIEPBBAY_1                           
000023ce  USBIEPBCTY_1                           
000023cf  USBIEPSIZXY_1                          
000023d0  USBIEPCNF_2                            
000023d1  USBIEPBBAX_2                           
000023d2  USBIEPBCTX_2                           
000023d5  USBIEPBBAY_2                           
000023d6  USBIEPBCTY_2                           
000023d7  USBIEPSIZXY_2                          
000023d8  USBIEPCNF_3                            
000023d9  USBIEPBBAX_3                           
000023da  USBIEPBCTX_3                           
000023dd  USBIEPBBAY_3                           
000023de  USBIEPBCTY_3                           
000023df  USBIEPSIZXY_3                          
000023e0  USBIEPCNF_4                            
000023e1  USBIEPBBAX_4                           
000023e2  USBIEPBCTX_4                           
000023e5  USBIEPBBAY_4                           
000023e6  USBIEPBCTY_4                           
000023e7  USBIEPSIZXY_4                          
000023e8  USBIEPCNF_5                            
000023e9  USBIEPBBAX_5                           
000023ea  USBIEPBCTX_5                           
000023ed  USBIEPBBAY_5                           
000023ee  USBIEPBCTY_5                           
000023ef  USBIEPSIZXY_5                          
000023f0  USBIEPCNF_6                            
000023f1  USBIEPBBAX_6                           
000023f2  USBIEPBCTX_6                           
000023f5  USBIEPBBAY_6                           
000023f6  USBIEPBCTY_6                           
000023f7  USBIEPSIZXY_6                          
000023f8  USBIEPCNF_7                            
000023f9  USBIEPBBAX_7                           
000023fa  USBIEPBCTX_7                           
000023fd  USBIEPBBAY_7                           
000023fe  USBIEPBCTY_7                           
000023ff  USBIEPSIZXY_7                          
000025f8  rxBuffer                               
0000265c  parmbuf                                
00002664  xLocation                              
0000266c  posCntFrHm                             
00002670  posCount                               
00002674  posCountPrev                           
00002678  posCountTest                           
0000267c  posHome                                
00002680  count                                  
00002682  revPrev                                
00002684  xPosPrev                               
00002686  _ftable                                
0000274e  _device                                
000027c6  _stream                                
00002812  idxPrev                                
00002818  dispMode                               
00002819  testMode                               
0000281c  _lock                                  
00002820  _unlock                                
00002824  bufferCNTR                             
00002828  bufferDTR                              
00002830  errno                                  
00002832  _CIOBUF_                               
00004360  _stack                                 
00004400  __STACK_END                            
00004400  timer0A1ISR                            
000044ca  _c_int00_noargs                        
000044e6  USCI_A1_ISR                            
000044fa  usciB1SpiIsr                           
00004504  __TI_ISR_TRAP                          
0000450c  _ctypes_                               
000048d2  __TI_Handler_Table_Base                
000048de  __TI_Handler_Table_Limit               
000048e4  __TI_CINIT_Base                        
000048f4  __TI_CINIT_Limit                       
0000ffd2  __TI_int41                             
0000ffd4  __TI_int42                             
0000ffd6  __TI_int43                             
0000ffd8  __TI_int44                             
0000ffda  __TI_int45                             
0000ffdc  __TI_int46                             
0000ffde  __TI_int47                             
0000ffe0  __TI_int48                             
0000ffe2  __TI_int49                             
0000ffe4  __TI_int50                             
0000ffe6  __TI_int51                             
0000ffe8  __TI_int52                             
0000ffea  __TI_int53                             
0000ffec  __TI_int54                             
0000ffee  __TI_int55                             
0000fff0  __TI_int56                             
0000fff2  __TI_int57                             
0000fff4  __TI_int58                             
0000fff6  __TI_int59                             
0000fff8  __TI_int60                             
0000fffa  __TI_int61                             
0000fffc  __TI_int62                             
0000fffe  _reset_vector                          
00010000  nokLcdDispBarMode                      
00010890  __mspabi_addd                          
00010fba  nokLcdDispLineMode                     
000114d2  executeCmd                             
0001198e  __TI_frcdivd                           
00011df4  parseCmd                               
00012240  __mspabi_divull                        
0001258e  __TI_printfi                           
00012834  __mspabi_mpyd                          
00012fae  strtol                                 
0001340e  __mspabi_divd                          
0001383c  nokLcdDrawLine                         
00013f82  main                                   
00014266  __TI_frcmpyd                           
000143ca  ldexp                                  
000143ca  ldexpl                                 
000143ca  scalbn                                 
000143ca  scalbnl                                
0001466c  nokLcdLoading                          
000148cc  initPrev                               
000149f0  fediRead                               
00014b12  fediFw                                 
00014e06  __mspabi_cmpd                          
00014ede  initCmdList                            
00015078  nokLcdSetPixel                         
0001512c  LS7366Rread                            
000151da  usciB1SpiInit                          
0001532e  frexp                                  
0001532e  frexpl                                 
000153d4  __mspabi_fltlid                        
00015472  HOSTlseek                              
0001562c  LS7366Rwrite                           
000156ba  __TI_ltoa                              
000157b2  nokLcdClear                            
0001582a  nokLcdFull                             
000158a2  __TI_decompress_lzss                   
00015918  HOSTrename                             
0001598c  HOSTopen                               
000159fc  HOSTwrite                              
00015a68  HOSTread                               
00015ad2  fseek                                  
00015b3c  __mspabi_fixdli                        
00015ba2  __TI_doflush                           
00015c06  fediHome                               
00015c6a  atoi                                   
00015ccc  __mspabi_mpyll_f5hw                    
00015d28  nokLcdInit                             
00015d84  __mspabi_divul                         
00015d84  __mspabi_remul                         
00015ddc  usciA1UartGets                         
00015e32  __TI_auto_init_nobinit_nopinit_hold_wdt
00015e86  nokLcdDrawScrnLine                     
00015eda  strtok                                 
00015f2e  HOSTclose                              
00015fca  HOSTunlink                             
00016010  sprintf                                
00016054  __mspabi_srall                         
00016094  __mspabi_divli                         
00016094  __mspabi_remli                         
000160d4  validateCmd                            
00016114  __mspabi_sral_15                       
00016118  __mspabi_sral_14                       
0001611c  __mspabi_sral_13                       
00016120  __mspabi_sral_12                       
00016124  __mspabi_sral_11                       
00016128  __mspabi_sral_10                       
0001612c  __mspabi_sral_9                        
00016130  __mspabi_sral_8                        
00016134  __mspabi_sral_7                        
00016138  __mspabi_sral_6                        
0001613c  __mspabi_sral_5                        
00016140  __mspabi_sral_4                        
00016144  __mspabi_sral_3                        
00016148  __mspabi_sral_2                        
0001614c  __mspabi_sral_1                        
00016152  __mspabi_slll_15                       
00016156  __mspabi_slll_14                       
0001615a  __mspabi_slll_13                       
0001615e  __mspabi_slll_12                       
00016162  __mspabi_slll_11                       
00016166  __mspabi_slll_10                       
0001616a  __mspabi_slll_9                        
0001616e  __mspabi_slll_8                        
00016172  __mspabi_slll_7                        
00016176  __mspabi_slll_6                        
0001617a  __mspabi_slll_5                        
0001617e  __mspabi_slll_4                        
00016182  __mspabi_slll_3                        
00016186  __mspabi_slll_2                        
0001618a  __mspabi_slll_1                        
00016190  __mspabi_srll_15                       
00016194  __mspabi_srll_14                       
00016198  __mspabi_srll_13                       
0001619c  __mspabi_srll_12                       
000161a0  __mspabi_srll_11                       
000161a4  __mspabi_srll_10                       
000161a8  __mspabi_srll_9                        
000161ac  __mspabi_srll_8                        
000161b0  __mspabi_srll_7                        
000161b4  __mspabi_srll_6                        
000161b8  __mspabi_srll_5                        
000161bc  __mspabi_srll_4                        
000161c0  __mspabi_srll_3                        
000161c4  __mspabi_srll_2                        
000161c8  __mspabi_srll_1                        
000161ce  lseek                                  
0001620c  write                                  
00016248  __mspabi_sllll                         
00016282  __mspabi_srlll                         
000162bc  __TI_writemsg                          
000162ee  C$$IO$$                                
000162f2  LS7366Rclear                           
00016326  __TI_readmsg                           
00016358  __mspabi_subd                          
0001638a  LS7366Rload                            
000163ba  ucsiA1UartInit                         
000163ea  __mspabi_negd                          
00016418  copysign                               
00016418  copysignl                              
00016446  __mspabi_mpyull_f5hw                   
00016472  strcspn                                
0001649e  LS7366Rinit                            
000164c8  nokLcdWrite                            
000164f2  strspn                                 
0001651c  __mspabi_fixdi                         
00016544  fediDisp                               
0001656a  memccpy                                
00016590  __TI_zero_init_nomemset                
000165b4  __mspabi_mpyl_f5hw                     
000165f8  ucsiA1UartTxString                     
00016618  strchr                                 
00016634  strcmp                                 
00016650  __mspabi_mpyi_f5hw                     
00016668  memset                                 
0001667e  __mspabi_divu                          
0001667e  __mspabi_remu                          
00016694  wcslen                                 
000166be  memcpy                                 
000166d2  usciB1SpiClkDiv                        
000166e6  __TI_decompress_none                   
000166f8  initTA0                                
0001670a  strcpy                                 
0001671c  toupper                                
0001672e  __mspabi_srll                          
0001673e  strlen                                 
0001674c  __mspabi_fltid                         
00016758  spiTxByte                              
00016764  ucsiA1UartTxChar                       
00016770  usciB1SpiPutChar                       
0001677c  abs                                    
00016786  fediClr                                
00016790  rewind                                 
0001679a  __mspabi_slli                          
000167a4  C$$EXIT                                
000167a4  abort                                  
000167aa  _system_pre_init                       
000167ae  _nop                                   
000167b0  _system_post_cinit                     
ffffffff  __TI_pprof_out_hndl                    
ffffffff  __TI_prof_data_size                    
ffffffff  __TI_prof_data_start                   
ffffffff  __c_args__                             

[951 symbols]
