<?xml version="1.0" encoding="ISO-8859-1" ?>
<link_info>
   <banner>MSP430 Linker PC v20.2.5.LTS</banner>
   <copyright>Copyright (c) 2003-2018 Texas Instruments Incorporated</copyright>
   <link_time>0x620dac87</link_time>
   <link_errors>0x0</link_errors>
   <output_file>ROBT4451_Lab4_Third2.out</output_file>
   <entry_point>
      <name>_c_int00_noargs</name>
      <address>0x44ca</address>
   </entry_point>
   <input_file_list>
      <input_file id="fl-2">
         <path>.\</path>
         <kind>object</kind>
         <file>LS7366R.obj</file>
         <name>LS7366R.obj</name>
      </input_file>
      <input_file id="fl-3">
         <path>.\</path>
         <kind>object</kind>
         <file>LS7366RTestClient2.obj</file>
         <name>LS7366RTestClient2.obj</name>
      </input_file>
      <input_file id="fl-4">
         <path>.\</path>
         <kind>object</kind>
         <file>fediCmd.obj</file>
         <name>fediCmd.obj</name>
      </input_file>
      <input_file id="fl-5">
         <path>.\</path>
         <kind>object</kind>
         <file>nok5110LCD.obj</file>
         <name>nok5110LCD.obj</name>
      </input_file>
      <input_file id="fl-6">
         <path>.\</path>
         <kind>object</kind>
         <file>nokLcdDraw.obj</file>
         <name>nokLcdDraw.obj</name>
      </input_file>
      <input_file id="fl-7">
         <path>.\</path>
         <kind>object</kind>
         <file>ucsiUart.obj</file>
         <name>ucsiUart.obj</name>
      </input_file>
      <input_file id="fl-8">
         <path>.\</path>
         <kind>object</kind>
         <file>usciCmdInterpreter.obj</file>
         <name>usciCmdInterpreter.obj</name>
      </input_file>
      <input_file id="fl-9">
         <path>.\</path>
         <kind>object</kind>
         <file>usciSpi.obj</file>
         <name>usciSpi.obj</name>
      </input_file>
      <input_file id="fl-f">
         <kind>object</kind>
         <file>&lt;internal&gt;</file>
         <name>&lt;internal&gt;</name>
      </input_file>
      <input_file id="fl-2a">
         <path>C:\ti\ccs1040\ccs\tools\compiler\ti-cgt-msp430_20.2.5.LTS\lib\</path>
         <kind>archive</kind>
         <file>rts430x_lc_rd_eabi.lib</file>
         <name>sprintf.c.obj</name>
      </input_file>
      <input_file id="fl-2b">
         <path>C:\ti\ccs1040\ccs\tools\compiler\ti-cgt-msp430_20.2.5.LTS\lib\</path>
         <kind>archive</kind>
         <file>rts430x_lc_rd_eabi.lib</file>
         <name>div32s.asm.obj</name>
      </input_file>
      <input_file id="fl-2c">
         <path>C:\ti\ccs1040\ccs\tools\compiler\ti-cgt-msp430_20.2.5.LTS\lib\</path>
         <kind>archive</kind>
         <file>rts430x_lc_rd_eabi.lib</file>
         <name>div32u.asm.obj</name>
      </input_file>
      <input_file id="fl-2d">
         <path>C:\ti\ccs1040\ccs\tools\compiler\ti-cgt-msp430_20.2.5.LTS\lib\</path>
         <kind>archive</kind>
         <file>rts430x_lc_rd_eabi.lib</file>
         <name>int41.asm.obj</name>
      </input_file>
      <input_file id="fl-2e">
         <path>C:\ti\ccs1040\ccs\tools\compiler\ti-cgt-msp430_20.2.5.LTS\lib\</path>
         <kind>archive</kind>
         <file>rts430x_lc_rd_eabi.lib</file>
         <name>int42.asm.obj</name>
      </input_file>
      <input_file id="fl-2f">
         <path>C:\ti\ccs1040\ccs\tools\compiler\ti-cgt-msp430_20.2.5.LTS\lib\</path>
         <kind>archive</kind>
         <file>rts430x_lc_rd_eabi.lib</file>
         <name>int43.asm.obj</name>
      </input_file>
      <input_file id="fl-30">
         <path>C:\ti\ccs1040\ccs\tools\compiler\ti-cgt-msp430_20.2.5.LTS\lib\</path>
         <kind>archive</kind>
         <file>rts430x_lc_rd_eabi.lib</file>
         <name>int44.asm.obj</name>
      </input_file>
      <input_file id="fl-31">
         <path>C:\ti\ccs1040\ccs\tools\compiler\ti-cgt-msp430_20.2.5.LTS\lib\</path>
         <kind>archive</kind>
         <file>rts430x_lc_rd_eabi.lib</file>
         <name>int47.asm.obj</name>
      </input_file>
      <input_file id="fl-32">
         <path>C:\ti\ccs1040\ccs\tools\compiler\ti-cgt-msp430_20.2.5.LTS\lib\</path>
         <kind>archive</kind>
         <file>rts430x_lc_rd_eabi.lib</file>
         <name>int48.asm.obj</name>
      </input_file>
      <input_file id="fl-33">
         <path>C:\ti\ccs1040\ccs\tools\compiler\ti-cgt-msp430_20.2.5.LTS\lib\</path>
         <kind>archive</kind>
         <file>rts430x_lc_rd_eabi.lib</file>
         <name>int49.asm.obj</name>
      </input_file>
      <input_file id="fl-34">
         <path>C:\ti\ccs1040\ccs\tools\compiler\ti-cgt-msp430_20.2.5.LTS\lib\</path>
         <kind>archive</kind>
         <file>rts430x_lc_rd_eabi.lib</file>
         <name>int50.asm.obj</name>
      </input_file>
      <input_file id="fl-35">
         <path>C:\ti\ccs1040\ccs\tools\compiler\ti-cgt-msp430_20.2.5.LTS\lib\</path>
         <kind>archive</kind>
         <file>rts430x_lc_rd_eabi.lib</file>
         <name>int51.asm.obj</name>
      </input_file>
      <input_file id="fl-36">
         <path>C:\ti\ccs1040\ccs\tools\compiler\ti-cgt-msp430_20.2.5.LTS\lib\</path>
         <kind>archive</kind>
         <file>rts430x_lc_rd_eabi.lib</file>
         <name>int53.asm.obj</name>
      </input_file>
      <input_file id="fl-37">
         <path>C:\ti\ccs1040\ccs\tools\compiler\ti-cgt-msp430_20.2.5.LTS\lib\</path>
         <kind>archive</kind>
         <file>rts430x_lc_rd_eabi.lib</file>
         <name>int54.asm.obj</name>
      </input_file>
      <input_file id="fl-38">
         <path>C:\ti\ccs1040\ccs\tools\compiler\ti-cgt-msp430_20.2.5.LTS\lib\</path>
         <kind>archive</kind>
         <file>rts430x_lc_rd_eabi.lib</file>
         <name>int55.asm.obj</name>
      </input_file>
      <input_file id="fl-39">
         <path>C:\ti\ccs1040\ccs\tools\compiler\ti-cgt-msp430_20.2.5.LTS\lib\</path>
         <kind>archive</kind>
         <file>rts430x_lc_rd_eabi.lib</file>
         <name>int56.asm.obj</name>
      </input_file>
      <input_file id="fl-3a">
         <path>C:\ti\ccs1040\ccs\tools\compiler\ti-cgt-msp430_20.2.5.LTS\lib\</path>
         <kind>archive</kind>
         <file>rts430x_lc_rd_eabi.lib</file>
         <name>int57.asm.obj</name>
      </input_file>
      <input_file id="fl-3b">
         <path>C:\ti\ccs1040\ccs\tools\compiler\ti-cgt-msp430_20.2.5.LTS\lib\</path>
         <kind>archive</kind>
         <file>rts430x_lc_rd_eabi.lib</file>
         <name>int58.asm.obj</name>
      </input_file>
      <input_file id="fl-3c">
         <path>C:\ti\ccs1040\ccs\tools\compiler\ti-cgt-msp430_20.2.5.LTS\lib\</path>
         <kind>archive</kind>
         <file>rts430x_lc_rd_eabi.lib</file>
         <name>int59.asm.obj</name>
      </input_file>
      <input_file id="fl-3d">
         <path>C:\ti\ccs1040\ccs\tools\compiler\ti-cgt-msp430_20.2.5.LTS\lib\</path>
         <kind>archive</kind>
         <file>rts430x_lc_rd_eabi.lib</file>
         <name>int60.asm.obj</name>
      </input_file>
      <input_file id="fl-3e">
         <path>C:\ti\ccs1040\ccs\tools\compiler\ti-cgt-msp430_20.2.5.LTS\lib\</path>
         <kind>archive</kind>
         <file>rts430x_lc_rd_eabi.lib</file>
         <name>int61.asm.obj</name>
      </input_file>
      <input_file id="fl-3f">
         <path>C:\ti\ccs1040\ccs\tools\compiler\ti-cgt-msp430_20.2.5.LTS\lib\</path>
         <kind>archive</kind>
         <file>rts430x_lc_rd_eabi.lib</file>
         <name>int62.asm.obj</name>
      </input_file>
      <input_file id="fl-40">
         <path>C:\ti\ccs1040\ccs\tools\compiler\ti-cgt-msp430_20.2.5.LTS\lib\</path>
         <kind>archive</kind>
         <file>rts430x_lc_rd_eabi.lib</file>
         <name>isr_trap.asm.obj</name>
      </input_file>
      <input_file id="fl-41">
         <path>C:\ti\ccs1040\ccs\tools\compiler\ti-cgt-msp430_20.2.5.LTS\lib\</path>
         <kind>archive</kind>
         <file>rts430x_lc_rd_eabi.lib</file>
         <name>lsl16.asm.obj</name>
      </input_file>
      <input_file id="fl-42">
         <path>C:\ti\ccs1040\ccs\tools\compiler\ti-cgt-msp430_20.2.5.LTS\lib\</path>
         <kind>archive</kind>
         <file>rts430x_lc_rd_eabi.lib</file>
         <name>mult16.asm.obj</name>
      </input_file>
      <input_file id="fl-43">
         <path>C:\ti\ccs1040\ccs\tools\compiler\ti-cgt-msp430_20.2.5.LTS\lib\</path>
         <kind>archive</kind>
         <file>rts430x_lc_rd_eabi.lib</file>
         <name>mult16_f5hw.asm.obj</name>
      </input_file>
      <input_file id="fl-44">
         <path>C:\ti\ccs1040\ccs\tools\compiler\ti-cgt-msp430_20.2.5.LTS\lib\</path>
         <kind>archive</kind>
         <file>rts430x_lc_rd_eabi.lib</file>
         <name>mult1632_f5hw.asm.obj</name>
      </input_file>
      <input_file id="fl-45">
         <path>C:\ti\ccs1040\ccs\tools\compiler\ti-cgt-msp430_20.2.5.LTS\lib\</path>
         <kind>archive</kind>
         <file>rts430x_lc_rd_eabi.lib</file>
         <name>mult32.asm.obj</name>
      </input_file>
      <input_file id="fl-46">
         <path>C:\ti\ccs1040\ccs\tools\compiler\ti-cgt-msp430_20.2.5.LTS\lib\</path>
         <kind>archive</kind>
         <file>rts430x_lc_rd_eabi.lib</file>
         <name>mult32_f5hw.asm.obj</name>
      </input_file>
      <input_file id="fl-47">
         <path>C:\ti\ccs1040\ccs\tools\compiler\ti-cgt-msp430_20.2.5.LTS\lib\</path>
         <kind>archive</kind>
         <file>rts430x_lc_rd_eabi.lib</file>
         <name>mult3264_f5hw.asm.obj</name>
      </input_file>
      <input_file id="fl-48">
         <path>C:\ti\ccs1040\ccs\tools\compiler\ti-cgt-msp430_20.2.5.LTS\lib\</path>
         <kind>archive</kind>
         <file>rts430x_lc_rd_eabi.lib</file>
         <name>mult64_f5hw.asm.obj</name>
      </input_file>
      <input_file id="fl-49">
         <path>C:\ti\ccs1040\ccs\tools\compiler\ti-cgt-msp430_20.2.5.LTS\lib\</path>
         <kind>archive</kind>
         <file>rts430x_lc_rd_eabi.lib</file>
         <name>boot.c.obj</name>
      </input_file>
      <input_file id="fl-4a">
         <path>C:\ti\ccs1040\ccs\tools\compiler\ti-cgt-msp430_20.2.5.LTS\lib\</path>
         <kind>archive</kind>
         <file>rts430x_lc_rd_eabi.lib</file>
         <name>autoinit.c.obj</name>
      </input_file>
      <input_file id="fl-4b">
         <path>C:\ti\ccs1040\ccs\tools\compiler\ti-cgt-msp430_20.2.5.LTS\lib\</path>
         <kind>archive</kind>
         <file>rts430x_lc_rd_eabi.lib</file>
         <name>copy_zero_init.c.obj</name>
      </input_file>
      <input_file id="fl-4c">
         <path>C:\ti\ccs1040\ccs\tools\compiler\ti-cgt-msp430_20.2.5.LTS\lib\</path>
         <kind>archive</kind>
         <file>rts430x_lc_rd_eabi.lib</file>
         <name>cpy_tbl.c.obj</name>
      </input_file>
      <input_file id="fl-4d">
         <path>C:\ti\ccs1040\ccs\tools\compiler\ti-cgt-msp430_20.2.5.LTS\lib\</path>
         <kind>archive</kind>
         <file>rts430x_lc_rd_eabi.lib</file>
         <name>mpu_init.c.obj</name>
      </input_file>
      <input_file id="fl-4e">
         <path>C:\ti\ccs1040\ccs\tools\compiler\ti-cgt-msp430_20.2.5.LTS\lib\</path>
         <kind>archive</kind>
         <file>rts430x_lc_rd_eabi.lib</file>
         <name>lsr64.c.obj</name>
      </input_file>
      <input_file id="fl-4f">
         <path>C:\ti\ccs1040\ccs\tools\compiler\ti-cgt-msp430_20.2.5.LTS\lib\</path>
         <kind>archive</kind>
         <file>rts430x_lc_rd_eabi.lib</file>
         <name>pre_init.c.obj</name>
      </input_file>
      <input_file id="fl-50">
         <path>C:\ti\ccs1040\ccs\tools\compiler\ti-cgt-msp430_20.2.5.LTS\lib\</path>
         <kind>archive</kind>
         <file>rts430x_lc_rd_eabi.lib</file>
         <name>startup.c.obj</name>
      </input_file>
      <input_file id="fl-51">
         <path>C:\ti\ccs1040\ccs\tools\compiler\ti-cgt-msp430_20.2.5.LTS\lib\</path>
         <kind>archive</kind>
         <file>rts430x_lc_rd_eabi.lib</file>
         <name>copy_decompress_none.c.obj</name>
      </input_file>
      <input_file id="fl-52">
         <path>C:\ti\ccs1040\ccs\tools\compiler\ti-cgt-msp430_20.2.5.LTS\lib\</path>
         <kind>archive</kind>
         <file>rts430x_lc_rd_eabi.lib</file>
         <name>copy_decompress_lzss.c.obj</name>
      </input_file>
      <input_file id="fl-53">
         <path>C:\ti\ccs1040\ccs\tools\compiler\ti-cgt-msp430_20.2.5.LTS\lib\</path>
         <kind>archive</kind>
         <file>rts430x_lc_rd_eabi.lib</file>
         <name>addd.c.obj</name>
      </input_file>
      <input_file id="fl-54">
         <path>C:\ti\ccs1040\ccs\tools\compiler\ti-cgt-msp430_20.2.5.LTS\lib\</path>
         <kind>archive</kind>
         <file>rts430x_lc_rd_eabi.lib</file>
         <name>cmpd.c.obj</name>
      </input_file>
      <input_file id="fl-55">
         <path>C:\ti\ccs1040\ccs\tools\compiler\ti-cgt-msp430_20.2.5.LTS\lib\</path>
         <kind>archive</kind>
         <file>rts430x_lc_rd_eabi.lib</file>
         <name>divd.c.obj</name>
      </input_file>
      <input_file id="fl-56">
         <path>C:\ti\ccs1040\ccs\tools\compiler\ti-cgt-msp430_20.2.5.LTS\lib\</path>
         <kind>archive</kind>
         <file>rts430x_lc_rd_eabi.lib</file>
         <name>fixdi.c.obj</name>
      </input_file>
      <input_file id="fl-57">
         <path>C:\ti\ccs1040\ccs\tools\compiler\ti-cgt-msp430_20.2.5.LTS\lib\</path>
         <kind>archive</kind>
         <file>rts430x_lc_rd_eabi.lib</file>
         <name>fixdli.c.obj</name>
      </input_file>
      <input_file id="fl-58">
         <path>C:\ti\ccs1040\ccs\tools\compiler\ti-cgt-msp430_20.2.5.LTS\lib\</path>
         <kind>archive</kind>
         <file>rts430x_lc_rd_eabi.lib</file>
         <name>fltid.c.obj</name>
      </input_file>
      <input_file id="fl-59">
         <path>C:\ti\ccs1040\ccs\tools\compiler\ti-cgt-msp430_20.2.5.LTS\lib\</path>
         <kind>archive</kind>
         <file>rts430x_lc_rd_eabi.lib</file>
         <name>fltlid.c.obj</name>
      </input_file>
      <input_file id="fl-5a">
         <path>C:\ti\ccs1040\ccs\tools\compiler\ti-cgt-msp430_20.2.5.LTS\lib\</path>
         <kind>archive</kind>
         <file>rts430x_lc_rd_eabi.lib</file>
         <name>frcdivd.c.obj</name>
      </input_file>
      <input_file id="fl-5b">
         <path>C:\ti\ccs1040\ccs\tools\compiler\ti-cgt-msp430_20.2.5.LTS\lib\</path>
         <kind>archive</kind>
         <file>rts430x_lc_rd_eabi.lib</file>
         <name>mpyd.c.obj</name>
      </input_file>
      <input_file id="fl-5c">
         <path>C:\ti\ccs1040\ccs\tools\compiler\ti-cgt-msp430_20.2.5.LTS\lib\</path>
         <kind>archive</kind>
         <file>rts430x_lc_rd_eabi.lib</file>
         <name>subd.c.obj</name>
      </input_file>
      <input_file id="fl-5d">
         <path>C:\ti\ccs1040\ccs\tools\compiler\ti-cgt-msp430_20.2.5.LTS\lib\</path>
         <kind>archive</kind>
         <file>rts430x_lc_rd_eabi.lib</file>
         <name>exit.c.obj</name>
      </input_file>
      <input_file id="fl-5e">
         <path>C:\ti\ccs1040\ccs\tools\compiler\ti-cgt-msp430_20.2.5.LTS\lib\</path>
         <kind>archive</kind>
         <file>rts430x_lc_rd_eabi.lib</file>
         <name>_lock.c.obj</name>
      </input_file>
      <input_file id="fl-5f">
         <path>C:\ti\ccs1040\ccs\tools\compiler\ti-cgt-msp430_20.2.5.LTS\lib\</path>
         <kind>archive</kind>
         <file>rts430x_lc_rd_eabi.lib</file>
         <name>args_main.c.obj</name>
      </input_file>
      <input_file id="fl-60">
         <path>C:\ti\ccs1040\ccs\tools\compiler\ti-cgt-msp430_20.2.5.LTS\lib\</path>
         <kind>archive</kind>
         <file>rts430x_lc_rd_eabi.lib</file>
         <name>atoi.c.obj</name>
      </input_file>
      <input_file id="fl-61">
         <path>C:\ti\ccs1040\ccs\tools\compiler\ti-cgt-msp430_20.2.5.LTS\lib\</path>
         <kind>archive</kind>
         <file>rts430x_lc_rd_eabi.lib</file>
         <name>ctype.c.obj</name>
      </input_file>
      <input_file id="fl-62">
         <path>C:\ti\ccs1040\ccs\tools\compiler\ti-cgt-msp430_20.2.5.LTS\lib\</path>
         <kind>archive</kind>
         <file>rts430x_lc_rd_eabi.lib</file>
         <name>defs.c.obj</name>
      </input_file>
      <input_file id="fl-63">
         <path>C:\ti\ccs1040\ccs\tools\compiler\ti-cgt-msp430_20.2.5.LTS\lib\</path>
         <kind>archive</kind>
         <file>rts430x_lc_rd_eabi.lib</file>
         <name>memcpy.c.obj</name>
      </input_file>
      <input_file id="fl-64">
         <path>C:\ti\ccs1040\ccs\tools\compiler\ti-cgt-msp430_20.2.5.LTS\lib\</path>
         <kind>archive</kind>
         <file>rts430x_lc_rd_eabi.lib</file>
         <name>rewind.c.obj</name>
      </input_file>
      <input_file id="fl-65">
         <path>C:\ti\ccs1040\ccs\tools\compiler\ti-cgt-msp430_20.2.5.LTS\lib\</path>
         <kind>archive</kind>
         <file>rts430x_lc_rd_eabi.lib</file>
         <name>strcmp.c.obj</name>
      </input_file>
      <input_file id="fl-66">
         <path>C:\ti\ccs1040\ccs\tools\compiler\ti-cgt-msp430_20.2.5.LTS\lib\</path>
         <kind>archive</kind>
         <file>rts430x_lc_rd_eabi.lib</file>
         <name>strtok.c.obj</name>
      </input_file>
      <input_file id="fl-67">
         <path>C:\ti\ccs1040\ccs\tools\compiler\ti-cgt-msp430_20.2.5.LTS\lib\</path>
         <kind>archive</kind>
         <file>rts430x_lc_rd_eabi.lib</file>
         <name>strtol.c.obj</name>
      </input_file>
      <input_file id="fl-68">
         <path>C:\ti\ccs1040\ccs\tools\compiler\ti-cgt-msp430_20.2.5.LTS\lib\</path>
         <kind>archive</kind>
         <file>rts430x_lc_rd_eabi.lib</file>
         <name>abs.c.obj</name>
      </input_file>
      <input_file id="fl-69">
         <path>C:\ti\ccs1040\ccs\tools\compiler\ti-cgt-msp430_20.2.5.LTS\lib\</path>
         <kind>archive</kind>
         <file>rts430x_lc_rd_eabi.lib</file>
         <name>errno.c.obj</name>
      </input_file>
      <input_file id="fl-6a">
         <path>C:\ti\ccs1040\ccs\tools\compiler\ti-cgt-msp430_20.2.5.LTS\lib\</path>
         <kind>archive</kind>
         <file>rts430x_lc_rd_eabi.lib</file>
         <name>_printfi.c.obj</name>
      </input_file>
      <input_file id="fl-6b">
         <path>C:\ti\ccs1040\ccs\tools\compiler\ti-cgt-msp430_20.2.5.LTS\lib\</path>
         <kind>archive</kind>
         <file>rts430x_lc_rd_eabi.lib</file>
         <name>fseek.c.obj</name>
      </input_file>
      <input_file id="fl-6c">
         <path>C:\ti\ccs1040\ccs\tools\compiler\ti-cgt-msp430_20.2.5.LTS\lib\</path>
         <kind>archive</kind>
         <file>rts430x_lc_rd_eabi.lib</file>
         <name>wcslen.c.obj</name>
      </input_file>
      <input_file id="fl-6d">
         <path>C:\ti\ccs1040\ccs\tools\compiler\ti-cgt-msp430_20.2.5.LTS\lib\</path>
         <kind>archive</kind>
         <file>rts430x_lc_rd_eabi.lib</file>
         <name>s_frexp.c.obj</name>
      </input_file>
      <input_file id="fl-6e">
         <path>C:\ti\ccs1040\ccs\tools\compiler\ti-cgt-msp430_20.2.5.LTS\lib\</path>
         <kind>archive</kind>
         <file>rts430x_lc_rd_eabi.lib</file>
         <name>s_scalbn.c.obj</name>
      </input_file>
      <input_file id="fl-6f">
         <path>C:\ti\ccs1040\ccs\tools\compiler\ti-cgt-msp430_20.2.5.LTS\lib\</path>
         <kind>archive</kind>
         <file>rts430x_lc_rd_eabi.lib</file>
         <name>asr32.asm.obj</name>
      </input_file>
      <input_file id="fl-70">
         <path>C:\ti\ccs1040\ccs\tools\compiler\ti-cgt-msp430_20.2.5.LTS\lib\</path>
         <kind>archive</kind>
         <file>rts430x_lc_rd_eabi.lib</file>
         <name>div16u.asm.obj</name>
      </input_file>
      <input_file id="fl-71">
         <path>C:\ti\ccs1040\ccs\tools\compiler\ti-cgt-msp430_20.2.5.LTS\lib\</path>
         <kind>archive</kind>
         <file>rts430x_lc_rd_eabi.lib</file>
         <name>lsl32.asm.obj</name>
      </input_file>
      <input_file id="fl-72">
         <path>C:\ti\ccs1040\ccs\tools\compiler\ti-cgt-msp430_20.2.5.LTS\lib\</path>
         <kind>archive</kind>
         <file>rts430x_lc_rd_eabi.lib</file>
         <name>lsr32.asm.obj</name>
      </input_file>
      <input_file id="fl-73">
         <path>C:\ti\ccs1040\ccs\tools\compiler\ti-cgt-msp430_20.2.5.LTS\lib\</path>
         <kind>archive</kind>
         <file>rts430x_lc_rd_eabi.lib</file>
         <name>exit_gvars.c.obj</name>
      </input_file>
      <input_file id="fl-74">
         <path>C:\ti\ccs1040\ccs\tools\compiler\ti-cgt-msp430_20.2.5.LTS\lib\</path>
         <kind>archive</kind>
         <file>rts430x_lc_rd_eabi.lib</file>
         <name>asr64.c.obj</name>
      </input_file>
      <input_file id="fl-75">
         <path>C:\ti\ccs1040\ccs\tools\compiler\ti-cgt-msp430_20.2.5.LTS\lib\</path>
         <kind>archive</kind>
         <file>rts430x_lc_rd_eabi.lib</file>
         <name>lsl64.c.obj</name>
      </input_file>
      <input_file id="fl-76">
         <path>C:\ti\ccs1040\ccs\tools\compiler\ti-cgt-msp430_20.2.5.LTS\lib\</path>
         <kind>archive</kind>
         <file>rts430x_lc_rd_eabi.lib</file>
         <name>div64u.c.obj</name>
      </input_file>
      <input_file id="fl-77">
         <path>C:\ti\ccs1040\ccs\tools\compiler\ti-cgt-msp430_20.2.5.LTS\lib\</path>
         <kind>archive</kind>
         <file>rts430x_lc_rd_eabi.lib</file>
         <name>frcmpyd.c.obj</name>
      </input_file>
      <input_file id="fl-78">
         <path>C:\ti\ccs1040\ccs\tools\compiler\ti-cgt-msp430_20.2.5.LTS\lib\</path>
         <kind>archive</kind>
         <file>rts430x_lc_rd_eabi.lib</file>
         <name>negd.c.obj</name>
      </input_file>
      <input_file id="fl-79">
         <path>C:\ti\ccs1040\ccs\tools\compiler\ti-cgt-msp430_20.2.5.LTS\lib\</path>
         <kind>archive</kind>
         <file>rts430x_lc_rd_eabi.lib</file>
         <name>_ltoa.c.obj</name>
      </input_file>
      <input_file id="fl-7a">
         <path>C:\ti\ccs1040\ccs\tools\compiler\ti-cgt-msp430_20.2.5.LTS\lib\</path>
         <kind>archive</kind>
         <file>rts430x_lc_rd_eabi.lib</file>
         <name>memccpy.c.obj</name>
      </input_file>
      <input_file id="fl-7b">
         <path>C:\ti\ccs1040\ccs\tools\compiler\ti-cgt-msp430_20.2.5.LTS\lib\</path>
         <kind>archive</kind>
         <file>rts430x_lc_rd_eabi.lib</file>
         <name>memset.c.obj</name>
      </input_file>
      <input_file id="fl-7c">
         <path>C:\ti\ccs1040\ccs\tools\compiler\ti-cgt-msp430_20.2.5.LTS\lib\</path>
         <kind>archive</kind>
         <file>rts430x_lc_rd_eabi.lib</file>
         <name>strchr.c.obj</name>
      </input_file>
      <input_file id="fl-7d">
         <path>C:\ti\ccs1040\ccs\tools\compiler\ti-cgt-msp430_20.2.5.LTS\lib\</path>
         <kind>archive</kind>
         <file>rts430x_lc_rd_eabi.lib</file>
         <name>strcspn.c.obj</name>
      </input_file>
      <input_file id="fl-7e">
         <path>C:\ti\ccs1040\ccs\tools\compiler\ti-cgt-msp430_20.2.5.LTS\lib\</path>
         <kind>archive</kind>
         <file>rts430x_lc_rd_eabi.lib</file>
         <name>strlen.c.obj</name>
      </input_file>
      <input_file id="fl-7f">
         <path>C:\ti\ccs1040\ccs\tools\compiler\ti-cgt-msp430_20.2.5.LTS\lib\</path>
         <kind>archive</kind>
         <file>rts430x_lc_rd_eabi.lib</file>
         <name>strspn.c.obj</name>
      </input_file>
      <input_file id="fl-80">
         <path>C:\ti\ccs1040\ccs\tools\compiler\ti-cgt-msp430_20.2.5.LTS\lib\</path>
         <kind>archive</kind>
         <file>rts430x_lc_rd_eabi.lib</file>
         <name>toupper.c.obj</name>
      </input_file>
      <input_file id="fl-81">
         <path>C:\ti\ccs1040\ccs\tools\compiler\ti-cgt-msp430_20.2.5.LTS\lib\</path>
         <kind>archive</kind>
         <file>rts430x_lc_rd_eabi.lib</file>
         <name>lseek.c.obj</name>
      </input_file>
      <input_file id="fl-82">
         <path>C:\ti\ccs1040\ccs\tools\compiler\ti-cgt-msp430_20.2.5.LTS\lib\</path>
         <kind>archive</kind>
         <file>rts430x_lc_rd_eabi.lib</file>
         <name>fflush.c.obj</name>
      </input_file>
      <input_file id="fl-83">
         <path>C:\ti\ccs1040\ccs\tools\compiler\ti-cgt-msp430_20.2.5.LTS\lib\</path>
         <kind>archive</kind>
         <file>rts430x_lc_rd_eabi.lib</file>
         <name>s_copysign.c.obj</name>
      </input_file>
      <input_file id="fl-84">
         <path>C:\ti\ccs1040\ccs\tools\compiler\ti-cgt-msp430_20.2.5.LTS\lib\</path>
         <kind>archive</kind>
         <file>rts430x_lc_rd_eabi.lib</file>
         <name>mult3264.asm.obj</name>
      </input_file>
      <input_file id="fl-85">
         <path>C:\ti\ccs1040\ccs\tools\compiler\ti-cgt-msp430_20.2.5.LTS\lib\</path>
         <kind>archive</kind>
         <file>rts430x_lc_rd_eabi.lib</file>
         <name>mult64.asm.obj</name>
      </input_file>
      <input_file id="fl-86">
         <path>C:\ti\ccs1040\ccs\tools\compiler\ti-cgt-msp430_20.2.5.LTS\lib\</path>
         <kind>archive</kind>
         <file>rts430x_lc_rd_eabi.lib</file>
         <name>write.c.obj</name>
      </input_file>
      <input_file id="fl-87">
         <path>C:\ti\ccs1040\ccs\tools\compiler\ti-cgt-msp430_20.2.5.LTS\lib\</path>
         <kind>archive</kind>
         <file>rts430x_lc_rd_eabi.lib</file>
         <name>host_device.c.obj</name>
      </input_file>
      <input_file id="fl-88">
         <path>C:\ti\ccs1040\ccs\tools\compiler\ti-cgt-msp430_20.2.5.LTS\lib\</path>
         <kind>archive</kind>
         <file>rts430x_lc_rd_eabi.lib</file>
         <name>mult1632.asm.obj</name>
      </input_file>
      <input_file id="fl-89">
         <path>C:\ti\ccs1040\ccs\tools\compiler\ti-cgt-msp430_20.2.5.LTS\lib\</path>
         <kind>archive</kind>
         <file>rts430x_lc_rd_eabi.lib</file>
         <name>hostclose.c.obj</name>
      </input_file>
      <input_file id="fl-8a">
         <path>C:\ti\ccs1040\ccs\tools\compiler\ti-cgt-msp430_20.2.5.LTS\lib\</path>
         <kind>archive</kind>
         <file>rts430x_lc_rd_eabi.lib</file>
         <name>hostlseek.c.obj</name>
      </input_file>
      <input_file id="fl-8b">
         <path>C:\ti\ccs1040\ccs\tools\compiler\ti-cgt-msp430_20.2.5.LTS\lib\</path>
         <kind>archive</kind>
         <file>rts430x_lc_rd_eabi.lib</file>
         <name>hostopen.c.obj</name>
      </input_file>
      <input_file id="fl-8c">
         <path>C:\ti\ccs1040\ccs\tools\compiler\ti-cgt-msp430_20.2.5.LTS\lib\</path>
         <kind>archive</kind>
         <file>rts430x_lc_rd_eabi.lib</file>
         <name>hostread.c.obj</name>
      </input_file>
      <input_file id="fl-8d">
         <path>C:\ti\ccs1040\ccs\tools\compiler\ti-cgt-msp430_20.2.5.LTS\lib\</path>
         <kind>archive</kind>
         <file>rts430x_lc_rd_eabi.lib</file>
         <name>hostrename.c.obj</name>
      </input_file>
      <input_file id="fl-8e">
         <path>C:\ti\ccs1040\ccs\tools\compiler\ti-cgt-msp430_20.2.5.LTS\lib\</path>
         <kind>archive</kind>
         <file>rts430x_lc_rd_eabi.lib</file>
         <name>hostunlink.c.obj</name>
      </input_file>
      <input_file id="fl-8f">
         <path>C:\ti\ccs1040\ccs\tools\compiler\ti-cgt-msp430_20.2.5.LTS\lib\</path>
         <kind>archive</kind>
         <file>rts430x_lc_rd_eabi.lib</file>
         <name>hostwrite.c.obj</name>
      </input_file>
      <input_file id="fl-90">
         <path>C:\ti\ccs1040\ccs\tools\compiler\ti-cgt-msp430_20.2.5.LTS\lib\</path>
         <kind>archive</kind>
         <file>rts430x_lc_rd_eabi.lib</file>
         <name>trgmsg.c.obj</name>
      </input_file>
      <input_file id="fl-91">
         <path>C:\ti\ccs1040\ccs\tools\compiler\ti-cgt-msp430_20.2.5.LTS\lib\</path>
         <kind>archive</kind>
         <file>rts430x_lc_rd_eabi.lib</file>
         <name>strcpy.c.obj</name>
      </input_file>
   </input_file_list>
   <object_component_list>
      <object_component id="oc-564">
         <name>.bss:currentPixelDisplay</name>
         <uninitialized>true</uninitialized>
         <run_address>0x2400</run_address>
         <size>0x1f8</size>
         <input_file_ref idref="fl-5"/>
      </object_component>
      <object_component id="oc-595">
         <name>.common:count</name>
         <uninitialized>true</uninitialized>
         <run_address>0x2680</run_address>
         <size>0x2</size>
      </object_component>
      <object_component id="oc-625">
         <name>.common:rxBuffer</name>
         <uninitialized>true</uninitialized>
         <run_address>0x25f8</run_address>
         <size>0x64</size>
      </object_component>
      <object_component id="oc-3f7">
         <name>.common:posCount</name>
         <uninitialized>true</uninitialized>
         <run_address>0x2670</run_address>
         <size>0x4</size>
      </object_component>
      <object_component id="oc-3fc">
         <name>.common:posCountPrev</name>
         <uninitialized>true</uninitialized>
         <run_address>0x2674</run_address>
         <size>0x4</size>
      </object_component>
      <object_component id="oc-3fa">
         <name>.common:posHome</name>
         <uninitialized>true</uninitialized>
         <run_address>0x267c</run_address>
         <size>0x4</size>
      </object_component>
      <object_component id="oc-412">
         <name>.common:posCountTest</name>
         <uninitialized>true</uninitialized>
         <run_address>0x2678</run_address>
         <size>0x4</size>
      </object_component>
      <object_component id="oc-3fb">
         <name>.common:posCntFrHm</name>
         <uninitialized>true</uninitialized>
         <run_address>0x266c</run_address>
         <size>0x4</size>
      </object_component>
      <object_component id="oc-48f">
         <name>.common:xPosPrev</name>
         <uninitialized>true</uninitialized>
         <run_address>0x2684</run_address>
         <size>0x2</size>
      </object_component>
      <object_component id="oc-476">
         <name>.common:revPrev</name>
         <uninitialized>true</uninitialized>
         <run_address>0x2682</run_address>
         <size>0x2</size>
      </object_component>
      <object_component id="oc-473">
         <name>.common:xLocation</name>
         <uninitialized>true</uninitialized>
         <run_address>0x2664</run_address>
         <size>0x8</size>
      </object_component>
      <object_component id="oc-8e1">
         <name>.common:parmbuf</name>
         <uninitialized>true</uninitialized>
         <run_address>0x265c</run_address>
         <size>0x8</size>
      </object_component>
      <object_component id="oc-409">
         <name>.data:bufferCNTR</name>
         <load_address>0x2824</load_address>
         <run_address>0x2824</run_address>
         <size>0x4</size>
         <input_file_ref idref="fl-3"/>
      </object_component>
      <object_component id="oc-6f2">
         <name>.data:bufferDTR</name>
         <load_address>0x2828</load_address>
         <run_address>0x2828</run_address>
         <size>0x4</size>
         <input_file_ref idref="fl-3"/>
      </object_component>
      <object_component id="oc-3f4">
         <name>.data</name>
         <load_address>0x2818</load_address>
         <run_address>0x2818</run_address>
         <size>0x4</size>
         <input_file_ref idref="fl-3"/>
      </object_component>
      <object_component id="oc-6e0">
         <name>.data</name>
         <load_address>0x2802</load_address>
         <run_address>0x2802</run_address>
         <size>0x10</size>
         <input_file_ref idref="fl-4"/>
      </object_component>
      <object_component id="oc-460">
         <name>.data</name>
         <load_address>0x2812</load_address>
         <run_address>0x2812</run_address>
         <size>0x6</size>
         <input_file_ref idref="fl-6"/>
      </object_component>
      <object_component id="oc-62b">
         <name>.data:_lock</name>
         <load_address>0x281c</load_address>
         <run_address>0x281c</run_address>
         <size>0x4</size>
         <input_file_ref idref="fl-5e"/>
      </object_component>
      <object_component id="oc-634">
         <name>.data:_unlock</name>
         <load_address>0x2820</load_address>
         <run_address>0x2820</run_address>
         <size>0x4</size>
         <input_file_ref idref="fl-5e"/>
      </object_component>
      <object_component id="oc-4ef">
         <name>.data:_ftable</name>
         <load_address>0x2686</load_address>
         <run_address>0x2686</run_address>
         <size>0xc8</size>
         <input_file_ref idref="fl-62"/>
      </object_component>
      <object_component id="oc-6bb">
         <name>.data</name>
         <load_address>0x282c</load_address>
         <run_address>0x282c</run_address>
         <size>0x4</size>
         <input_file_ref idref="fl-66"/>
      </object_component>
      <object_component id="oc-6d4">
         <name>.data</name>
         <load_address>0x2830</load_address>
         <run_address>0x2830</run_address>
         <size>0x2</size>
         <input_file_ref idref="fl-69"/>
      </object_component>
      <object_component id="oc-827">
         <name>.data:_device</name>
         <load_address>0x274e</load_address>
         <run_address>0x274e</run_address>
         <size>0x78</size>
         <input_file_ref idref="fl-87"/>
      </object_component>
      <object_component id="oc-7a5">
         <name>.data:_stream</name>
         <load_address>0x27c6</load_address>
         <run_address>0x27c6</run_address>
         <size>0x3c</size>
         <input_file_ref idref="fl-87"/>
      </object_component>
      <object_component id="oc-36b">
         <name>.stack</name>
         <uninitialized>true</uninitialized>
         <run_address>0x4360</run_address>
         <size>0x4</size>
         <input_file_ref idref="fl-49"/>
      </object_component>
      <object_component id="oc-9ae">
         <name>.stack</name>
         <uninitialized>true</uninitialized>
         <run_address>0x4360</run_address>
         <size>0x0</size>
      </object_component>
      <object_component id="oc-3fd">
         <name>.text:nokLcdDispBarMode</name>
         <load_address>0x10000</load_address>
         <run_address>0x10000</run_address>
         <size>0x890</size>
         <input_file_ref idref="fl-6"/>
      </object_component>
      <object_component id="oc-589">
         <name>.text:__mspabi_addd</name>
         <load_address>0x10890</load_address>
         <run_address>0x10890</run_address>
         <size>0x72a</size>
         <input_file_ref idref="fl-53"/>
      </object_component>
      <object_component id="oc-403">
         <name>.text:nokLcdDispLineMode</name>
         <load_address>0x10fba</load_address>
         <run_address>0x10fba</run_address>
         <size>0x518</size>
         <input_file_ref idref="fl-6"/>
      </object_component>
      <object_component id="oc-4e9">
         <name>.text:executeCmd</name>
         <load_address>0x114d2</load_address>
         <run_address>0x114d2</run_address>
         <size>0x4bc</size>
         <input_file_ref idref="fl-8"/>
      </object_component>
      <object_component id="oc-787">
         <name>.text:__TI_frcdivd</name>
         <load_address>0x1198e</load_address>
         <run_address>0x1198e</run_address>
         <size>0x466</size>
         <input_file_ref idref="fl-5a"/>
      </object_component>
      <object_component id="oc-4e3">
         <name>.text:parseCmd</name>
         <load_address>0x11df4</load_address>
         <run_address>0x11df4</run_address>
         <size>0x44c</size>
         <input_file_ref idref="fl-8"/>
      </object_component>
      <object_component id="oc-837">
         <name>.text:__mspabi_divull</name>
         <load_address>0x12240</load_address>
         <run_address>0x12240</run_address>
         <size>0x34e</size>
         <input_file_ref idref="fl-76"/>
      </object_component>
      <object_component id="oc-5c4">
         <name>.text:__TI_printfi</name>
         <load_address>0x1258e</load_address>
         <run_address>0x1258e</run_address>
         <size>0x2a6</size>
         <input_file_ref idref="fl-6a"/>
      </object_component>
      <object_component id="oc-6e9">
         <name>.text:__mspabi_mpyd</name>
         <load_address>0x12834</load_address>
         <run_address>0x12834</run_address>
         <size>0x298</size>
         <input_file_ref idref="fl-5b"/>
      </object_component>
      <object_component id="oc-698">
         <name>.text:_setfield</name>
         <load_address>0x12acc</load_address>
         <run_address>0x12acc</run_address>
         <size>0x27a</size>
         <input_file_ref idref="fl-6a"/>
      </object_component>
      <object_component id="oc-753">
         <name>.text:_pproc_fgea</name>
         <load_address>0x12d46</load_address>
         <run_address>0x12d46</run_address>
         <size>0x268</size>
         <input_file_ref idref="fl-6a"/>
      </object_component>
      <object_component id="oc-5ed">
         <name>.text:strtol</name>
         <load_address>0x12fae</load_address>
         <run_address>0x12fae</run_address>
         <size>0x23c</size>
         <input_file_ref idref="fl-67"/>
      </object_component>
      <object_component id="oc-872">
         <name>.text:acvt</name>
         <load_address>0x131ea</load_address>
         <run_address>0x131ea</run_address>
         <size>0x224</size>
         <input_file_ref idref="fl-6a"/>
      </object_component>
      <object_component id="oc-6da">
         <name>.text:__mspabi_divd</name>
         <load_address>0x1340e</load_address>
         <run_address>0x1340e</run_address>
         <size>0x222</size>
         <input_file_ref idref="fl-55"/>
      </object_component>
      <object_component id="oc-7c1">
         <name>.text:_getarg_diouxp</name>
         <load_address>0x13630</load_address>
         <run_address>0x13630</run_address>
         <size>0x20c</size>
         <input_file_ref idref="fl-6a"/>
      </object_component>
      <object_component id="oc-491">
         <name>.text:nokLcdDrawLine</name>
         <load_address>0x1383c</load_address>
         <run_address>0x1383c</run_address>
         <size>0x1f6</size>
         <input_file_ref idref="fl-5"/>
      </object_component>
      <object_component id="oc-84b">
         <name>.text:ecvt</name>
         <load_address>0x13a32</load_address>
         <run_address>0x13a32</run_address>
         <size>0x1e6</size>
         <input_file_ref idref="fl-6a"/>
      </object_component>
      <object_component id="oc-85e">
         <name>.text:fcvt</name>
         <load_address>0x13c18</load_address>
         <run_address>0x13c18</run_address>
         <size>0x1c8</size>
         <input_file_ref idref="fl-6a"/>
      </object_component>
      <object_component id="oc-7eb">
         <name>.text:_pconv_e</name>
         <load_address>0x13de0</load_address>
         <run_address>0x13de0</run_address>
         <size>0x1a2</size>
         <input_file_ref idref="fl-6a"/>
      </object_component>
      <object_component id="oc-422">
         <name>.text:main</name>
         <load_address>0x13f82</load_address>
         <run_address>0x13f82</run_address>
         <size>0x174</size>
         <input_file_ref idref="fl-3"/>
      </object_component>
      <object_component id="oc-7f1">
         <name>.text:_pconv_a</name>
         <load_address>0x140f6</load_address>
         <run_address>0x140f6</run_address>
         <size>0x170</size>
         <input_file_ref idref="fl-6a"/>
      </object_component>
      <object_component id="oc-792">
         <name>.text:__TI_frcmpyd</name>
         <load_address>0x14266</load_address>
         <run_address>0x14266</run_address>
         <size>0x164</size>
         <input_file_ref idref="fl-77"/>
      </object_component>
      <object_component id="oc-8d4">
         <name>.text:scalbn</name>
         <load_address>0x143ca</load_address>
         <run_address>0x143ca</run_address>
         <size>0x15a</size>
         <input_file_ref idref="fl-6e"/>
      </object_component>
      <object_component id="oc-74d">
         <name>.text:_pproc_diouxp</name>
         <load_address>0x14524</load_address>
         <run_address>0x14524</run_address>
         <size>0x148</size>
         <input_file_ref idref="fl-6a"/>
      </object_component>
      <object_component id="oc-4be">
         <name>.text:nokLcdLoading</name>
         <load_address>0x1466c</load_address>
         <run_address>0x1466c</run_address>
         <size>0x138</size>
         <input_file_ref idref="fl-5"/>
      </object_component>
      <object_component id="oc-7c7">
         <name>.text:_ltostr</name>
         <load_address>0x147a4</load_address>
         <run_address>0x147a4</run_address>
         <size>0x128</size>
         <input_file_ref idref="fl-6a"/>
      </object_component>
      <object_component id="oc-4ca">
         <name>.text:initPrev</name>
         <load_address>0x148cc</load_address>
         <run_address>0x148cc</run_address>
         <size>0x124</size>
         <input_file_ref idref="fl-6"/>
      </object_component>
      <object_component id="oc-606">
         <name>.text:fediRead</name>
         <load_address>0x149f0</load_address>
         <run_address>0x149f0</run_address>
         <size>0x122</size>
         <input_file_ref idref="fl-4"/>
      </object_component>
      <object_component id="oc-5fa">
         <name>.text:fediFw</name>
         <load_address>0x14b12</load_address>
         <run_address>0x14b12</run_address>
         <size>0x10e</size>
         <input_file_ref idref="fl-4"/>
      </object_component>
      <object_component id="oc-7df">
         <name>.text:_pconv_g</name>
         <load_address>0x14c20</load_address>
         <run_address>0x14c20</run_address>
         <size>0xfc</size>
         <input_file_ref idref="fl-6a"/>
      </object_component>
      <object_component id="oc-692">
         <name>.text:_pproc_fwp</name>
         <load_address>0x14d1c</load_address>
         <run_address>0x14d1c</run_address>
         <size>0xea</size>
         <input_file_ref idref="fl-6a"/>
      </object_component>
      <object_component id="oc-583">
         <name>.text:__mspabi_cmpd</name>
         <load_address>0x14e06</load_address>
         <run_address>0x14e06</run_address>
         <size>0xd8</size>
         <input_file_ref idref="fl-54"/>
      </object_component>
      <object_component id="oc-4b2">
         <name>.text:initCmdList</name>
         <load_address>0x14ede</load_address>
         <run_address>0x14ede</run_address>
         <size>0xd2</size>
         <input_file_ref idref="fl-8"/>
      </object_component>
      <object_component id="oc-6a4">
         <name>.text:_pproc_wstr</name>
         <load_address>0x14fb0</load_address>
         <run_address>0x14fb0</run_address>
         <size>0xc8</size>
         <input_file_ref idref="fl-6a"/>
      </object_component>
      <object_component id="oc-58f">
         <name>.text:nokLcdSetPixel</name>
         <load_address>0x15078</load_address>
         <run_address>0x15078</run_address>
         <size>0xb4</size>
         <input_file_ref idref="fl-5"/>
      </object_component>
      <object_component id="oc-40c">
         <name>.text:LS7366Rread</name>
         <load_address>0x1512c</load_address>
         <run_address>0x1512c</run_address>
         <size>0xae</size>
         <input_file_ref idref="fl-2"/>
      </object_component>
      <object_component id="oc-4a0">
         <name>.text:usciB1SpiInit</name>
         <load_address>0x151da</load_address>
         <run_address>0x151da</run_address>
         <size>0xae</size>
         <input_file_ref idref="fl-9"/>
      </object_component>
      <object_component id="oc-69e">
         <name>.text:_pproc_str</name>
         <load_address>0x15288</load_address>
         <run_address>0x15288</run_address>
         <size>0xa6</size>
         <input_file_ref idref="fl-6a"/>
      </object_component>
      <object_component id="oc-86c">
         <name>.text:frexp</name>
         <load_address>0x1532e</load_address>
         <run_address>0x1532e</run_address>
         <size>0xa6</size>
         <input_file_ref idref="fl-6d"/>
      </object_component>
      <object_component id="oc-46d">
         <name>.text:__mspabi_fltlid</name>
         <load_address>0x153d4</load_address>
         <run_address>0x153d4</run_address>
         <size>0x9e</size>
         <input_file_ref idref="fl-59"/>
      </object_component>
      <object_component id="oc-8a2">
         <name>.text:HOSTlseek</name>
         <load_address>0x15472</load_address>
         <run_address>0x15472</run_address>
         <size>0x9a</size>
         <input_file_ref idref="fl-8a"/>
      </object_component>
      <object_component id="oc-851">
         <name>.text:_ecpy</name>
         <load_address>0x1550c</load_address>
         <run_address>0x1550c</run_address>
         <size>0x90</size>
         <input_file_ref idref="fl-6a"/>
      </object_component>
      <object_component id="oc-857">
         <name>.text:_mcpy</name>
         <load_address>0x1559c</load_address>
         <run_address>0x1559c</run_address>
         <size>0x90</size>
         <input_file_ref idref="fl-6a"/>
      </object_component>
      <object_component id="oc-5af">
         <name>.text:LS7366Rwrite</name>
         <load_address>0x1562c</load_address>
         <run_address>0x1562c</run_address>
         <size>0x8e</size>
         <input_file_ref idref="fl-2"/>
      </object_component>
      <object_component id="oc-8c2">
         <name>.text:__TI_ltoa</name>
         <load_address>0x156ba</load_address>
         <run_address>0x156ba</run_address>
         <size>0x80</size>
         <input_file_ref idref="fl-79"/>
      </object_component>
      <object_component id="oc-7e5">
         <name>.text:_pconv_f</name>
         <load_address>0x1573a</load_address>
         <run_address>0x1573a</run_address>
         <size>0x78</size>
         <input_file_ref idref="fl-6a"/>
      </object_component>
      <object_component id="oc-477">
         <name>.text:nokLcdClear</name>
         <load_address>0x157b2</load_address>
         <run_address>0x157b2</run_address>
         <size>0x78</size>
         <input_file_ref idref="fl-5"/>
      </object_component>
      <object_component id="oc-47d">
         <name>.text:nokLcdFull</name>
         <load_address>0x1582a</load_address>
         <run_address>0x1582a</run_address>
         <size>0x78</size>
         <input_file_ref idref="fl-5"/>
      </object_component>
      <object_component id="oc-6d">
         <name>.text:decompress:lzss:__TI_decompress_lzss</name>
         <load_address>0x158a2</load_address>
         <run_address>0x158a2</run_address>
         <size>0x76</size>
         <input_file_ref idref="fl-52"/>
      </object_component>
      <object_component id="oc-8ae">
         <name>.text:HOSTrename</name>
         <load_address>0x15918</load_address>
         <run_address>0x15918</run_address>
         <size>0x74</size>
         <input_file_ref idref="fl-8d"/>
      </object_component>
      <object_component id="oc-88a">
         <name>.text:HOSTopen</name>
         <load_address>0x1598c</load_address>
         <run_address>0x1598c</run_address>
         <size>0x70</size>
         <input_file_ref idref="fl-8b"/>
      </object_component>
      <object_component id="oc-89c">
         <name>.text:HOSTwrite</name>
         <load_address>0x159fc</load_address>
         <run_address>0x159fc</run_address>
         <size>0x6c</size>
         <input_file_ref idref="fl-8f"/>
      </object_component>
      <object_component id="oc-896">
         <name>.text:HOSTread</name>
         <load_address>0x15a68</load_address>
         <run_address>0x15a68</run_address>
         <size>0x6a</size>
         <input_file_ref idref="fl-8c"/>
      </object_component>
      <object_component id="oc-61d">
         <name>.text:fseek</name>
         <load_address>0x15ad2</load_address>
         <run_address>0x15ad2</run_address>
         <size>0x6a</size>
         <input_file_ref idref="fl-6b"/>
      </object_component>
      <object_component id="oc-569">
         <name>.text:__mspabi_fixdli</name>
         <load_address>0x15b3c</load_address>
         <run_address>0x15b3c</run_address>
         <size>0x66</size>
         <input_file_ref idref="fl-57"/>
      </object_component>
      <object_component id="oc-705">
         <name>.text:__TI_doflush</name>
         <load_address>0x15ba2</load_address>
         <run_address>0x15ba2</run_address>
         <size>0x64</size>
         <input_file_ref idref="fl-82"/>
      </object_component>
      <object_component id="oc-612">
         <name>.text:fediHome</name>
         <load_address>0x15c06</load_address>
         <run_address>0x15c06</run_address>
         <size>0x64</size>
         <input_file_ref idref="fl-4"/>
      </object_component>
      <object_component id="oc-5e1">
         <name>.text:atoi</name>
         <load_address>0x15c6a</load_address>
         <run_address>0x15c6a</run_address>
         <size>0x62</size>
         <input_file_ref idref="fl-60"/>
      </object_component>
      <object_component id="oc-810">
         <name>.text:__mpyll</name>
         <load_address>0x15ccc</load_address>
         <run_address>0x15ccc</run_address>
         <size>0x5c</size>
         <input_file_ref idref="fl-48"/>
      </object_component>
      <object_component id="oc-4b8">
         <name>.text:nokLcdInit</name>
         <load_address>0x15d28</load_address>
         <run_address>0x15d28</run_address>
         <size>0x5c</size>
         <input_file_ref idref="fl-5"/>
      </object_component>
      <object_component id="oc-546">
         <name>.text</name>
         <load_address>0x15d84</load_address>
         <run_address>0x15d84</run_address>
         <size>0x58</size>
         <input_file_ref idref="fl-2c"/>
      </object_component>
      <object_component id="oc-4f8">
         <name>.text:usciA1UartGets</name>
         <load_address>0x15ddc</load_address>
         <run_address>0x15ddc</run_address>
         <size>0x56</size>
         <input_file_ref idref="fl-7"/>
      </object_component>
      <object_component id="oc-523">
         <name>.text:__TI_auto_init_nobinit_nopinit_hold_wdt:__TI_auto_init_nobinit_nopinit_hold_wdt</name>
         <load_address>0x15e32</load_address>
         <run_address>0x15e32</run_address>
         <size>0x54</size>
         <input_file_ref idref="fl-4a"/>
      </object_component>
      <object_component id="oc-5f4">
         <name>.text:nokLcdDrawScrnLine</name>
         <load_address>0x15e86</load_address>
         <run_address>0x15e86</run_address>
         <size>0x54</size>
         <input_file_ref idref="fl-5"/>
      </object_component>
      <object_component id="oc-5d5">
         <name>.text:strtok</name>
         <load_address>0x15eda</load_address>
         <run_address>0x15eda</run_address>
         <size>0x54</size>
         <input_file_ref idref="fl-66"/>
      </object_component>
      <object_component id="oc-890">
         <name>.text:HOSTclose</name>
         <load_address>0x15f2e</load_address>
         <run_address>0x15f2e</run_address>
         <size>0x4e</size>
         <input_file_ref idref="fl-89"/>
      </object_component>
      <object_component id="oc-864">
         <name>.text:_fcpy</name>
         <load_address>0x15f7c</load_address>
         <run_address>0x15f7c</run_address>
         <size>0x4e</size>
         <input_file_ref idref="fl-6a"/>
      </object_component>
      <object_component id="oc-8a8">
         <name>.text:HOSTunlink</name>
         <load_address>0x15fca</load_address>
         <run_address>0x15fca</run_address>
         <size>0x46</size>
         <input_file_ref idref="fl-8e"/>
      </object_component>
      <object_component id="oc-4d7">
         <name>.text:sprintf</name>
         <load_address>0x16010</load_address>
         <run_address>0x16010</run_address>
         <size>0x44</size>
         <input_file_ref idref="fl-2a"/>
      </object_component>
      <object_component id="oc-66c">
         <name>.text:__mspabi_srall</name>
         <load_address>0x16054</load_address>
         <run_address>0x16054</run_address>
         <size>0x40</size>
         <input_file_ref idref="fl-74"/>
      </object_component>
      <object_component id="oc-468">
         <name>.text</name>
         <load_address>0x16094</load_address>
         <run_address>0x16094</run_address>
         <size>0x40</size>
         <input_file_ref idref="fl-2b"/>
      </object_component>
      <object_component id="oc-5db">
         <name>.text:validateCmd</name>
         <load_address>0x160d4</load_address>
         <run_address>0x160d4</run_address>
         <size>0x40</size>
         <input_file_ref idref="fl-8"/>
      </object_component>
      <object_component id="oc-807">
         <name>.text:l_asr_const</name>
         <load_address>0x16114</load_address>
         <run_address>0x16114</run_address>
         <size>0x3e</size>
         <input_file_ref idref="fl-6f"/>
      </object_component>
      <object_component id="oc-54c">
         <name>.text:l_lsl_const</name>
         <load_address>0x16152</load_address>
         <run_address>0x16152</run_address>
         <size>0x3e</size>
         <input_file_ref idref="fl-71"/>
      </object_component>
      <object_component id="oc-551">
         <name>.text:l_lsr_const</name>
         <load_address>0x16190</load_address>
         <run_address>0x16190</run_address>
         <size>0x3e</size>
         <input_file_ref idref="fl-72"/>
      </object_component>
      <object_component id="oc-70b">
         <name>.text:lseek</name>
         <load_address>0x161ce</load_address>
         <run_address>0x161ce</run_address>
         <size>0x3e</size>
         <input_file_ref idref="fl-81"/>
      </object_component>
      <object_component id="oc-79d">
         <name>.text:write</name>
         <load_address>0x1620c</load_address>
         <run_address>0x1620c</run_address>
         <size>0x3c</size>
         <input_file_ref idref="fl-86"/>
      </object_component>
      <object_component id="oc-672">
         <name>.text:__mspabi_sllll</name>
         <load_address>0x16248</load_address>
         <run_address>0x16248</run_address>
         <size>0x3a</size>
         <input_file_ref idref="fl-75"/>
      </object_component>
      <object_component id="oc-81a">
         <name>.text:__mspabi_srlll</name>
         <load_address>0x16282</load_address>
         <run_address>0x16282</run_address>
         <size>0x3a</size>
         <input_file_ref idref="fl-4e"/>
      </object_component>
      <object_component id="oc-8e4">
         <name>.text:__TI_writemsg</name>
         <load_address>0x162bc</load_address>
         <run_address>0x162bc</run_address>
         <size>0x36</size>
         <input_file_ref idref="fl-90"/>
      </object_component>
      <object_component id="oc-4d0">
         <name>.text:LS7366Rclear</name>
         <load_address>0x162f2</load_address>
         <run_address>0x162f2</run_address>
         <size>0x34</size>
         <input_file_ref idref="fl-2"/>
      </object_component>
      <object_component id="oc-8ea">
         <name>.text:__TI_readmsg</name>
         <load_address>0x16326</load_address>
         <run_address>0x16326</run_address>
         <size>0x32</size>
         <input_file_ref idref="fl-90"/>
      </object_component>
      <object_component id="oc-6e3">
         <name>.text:__mspabi_subd</name>
         <load_address>0x16358</load_address>
         <run_address>0x16358</run_address>
         <size>0x32</size>
         <input_file_ref idref="fl-5c"/>
      </object_component>
      <object_component id="oc-6f7">
         <name>.text:LS7366Rload</name>
         <load_address>0x1638a</load_address>
         <run_address>0x1638a</run_address>
         <size>0x30</size>
         <input_file_ref idref="fl-2"/>
      </object_component>
      <object_component id="oc-4a6">
         <name>.text:ucsiA1UartInit</name>
         <load_address>0x163ba</load_address>
         <run_address>0x163ba</run_address>
         <size>0x30</size>
         <input_file_ref idref="fl-7"/>
      </object_component>
      <object_component id="oc-7d9">
         <name>.text:__mspabi_negd</name>
         <load_address>0x163ea</load_address>
         <run_address>0x163ea</run_address>
         <size>0x2e</size>
         <input_file_ref idref="fl-78"/>
      </object_component>
      <object_component id="oc-90e">
         <name>.text:copysign</name>
         <load_address>0x16418</load_address>
         <run_address>0x16418</run_address>
         <size>0x2e</size>
         <input_file_ref idref="fl-83"/>
      </object_component>
      <object_component id="oc-815">
         <name>.text:__mpyull</name>
         <load_address>0x16446</load_address>
         <run_address>0x16446</run_address>
         <size>0x2c</size>
         <input_file_ref idref="fl-47"/>
      </object_component>
      <object_component id="oc-6c4">
         <name>.text:strcspn</name>
         <load_address>0x16472</load_address>
         <run_address>0x16472</run_address>
         <size>0x2c</size>
         <input_file_ref idref="fl-7d"/>
      </object_component>
      <object_component id="oc-4c4">
         <name>.text:LS7366Rinit</name>
         <load_address>0x1649e</load_address>
         <run_address>0x1649e</run_address>
         <size>0x2a</size>
         <input_file_ref idref="fl-2"/>
      </object_component>
      <object_component id="oc-489">
         <name>.text:nokLcdWrite</name>
         <load_address>0x164c8</load_address>
         <run_address>0x164c8</run_address>
         <size>0x2a</size>
         <input_file_ref idref="fl-5"/>
      </object_component>
      <object_component id="oc-6be">
         <name>.text:strspn</name>
         <load_address>0x164f2</load_address>
         <run_address>0x164f2</run_address>
         <size>0x2a</size>
         <input_file_ref idref="fl-7f"/>
      </object_component>
      <object_component id="oc-483">
         <name>.text:__mspabi_fixdi</name>
         <load_address>0x1651c</load_address>
         <run_address>0x1651c</run_address>
         <size>0x28</size>
         <input_file_ref idref="fl-56"/>
      </object_component>
      <object_component id="oc-600">
         <name>.text:fediDisp</name>
         <load_address>0x16544</load_address>
         <run_address>0x16544</run_address>
         <size>0x26</size>
         <input_file_ref idref="fl-4"/>
      </object_component>
      <object_component id="oc-759">
         <name>.text:memccpy</name>
         <load_address>0x1656a</load_address>
         <run_address>0x1656a</run_address>
         <size>0x26</size>
         <input_file_ref idref="fl-7a"/>
      </object_component>
      <object_component id="oc-39e">
         <name>.text:decompress:ZI:__TI_zero_init_nomemset:__TI_zero_init_nomemset</name>
         <load_address>0x16590</load_address>
         <run_address>0x16590</run_address>
         <size>0x24</size>
         <input_file_ref idref="fl-4b"/>
      </object_component>
      <object_component id="oc-463">
         <name>.text</name>
         <load_address>0x165b4</load_address>
         <run_address>0x165b4</run_address>
         <size>0x24</size>
         <input_file_ref idref="fl-46"/>
      </object_component>
      <object_component id="oc-5b8">
         <name>.text:_outs</name>
         <load_address>0x165d8</load_address>
         <run_address>0x165d8</run_address>
         <size>0x20</size>
         <input_file_ref idref="fl-2a"/>
      </object_component>
      <object_component id="oc-4dd">
         <name>.text:ucsiA1UartTxString</name>
         <load_address>0x165f8</load_address>
         <run_address>0x165f8</run_address>
         <size>0x20</size>
         <input_file_ref idref="fl-7"/>
      </object_component>
      <object_component id="oc-8da">
         <name>.text:strchr</name>
         <load_address>0x16618</load_address>
         <run_address>0x16618</run_address>
         <size>0x1c</size>
         <input_file_ref idref="fl-7c"/>
      </object_component>
      <object_component id="oc-5e7">
         <name>.text:strcmp</name>
         <load_address>0x16634</load_address>
         <run_address>0x16634</run_address>
         <size>0x1c</size>
         <input_file_ref idref="fl-65"/>
      </object_component>
      <object_component id="oc-55f">
         <name>.text</name>
         <load_address>0x16650</load_address>
         <run_address>0x16650</run_address>
         <size>0x18</size>
         <input_file_ref idref="fl-43"/>
      </object_component>
      <object_component id="oc-746">
         <name>.text:memset</name>
         <load_address>0x16668</load_address>
         <run_address>0x16668</run_address>
         <size>0x16</size>
         <input_file_ref idref="fl-7b"/>
      </object_component>
      <object_component id="oc-83d">
         <name>.text</name>
         <load_address>0x1667e</load_address>
         <run_address>0x1667e</run_address>
         <size>0x16</size>
         <input_file_ref idref="fl-70"/>
      </object_component>
      <object_component id="oc-761">
         <name>.text:wcslen</name>
         <load_address>0x16694</load_address>
         <run_address>0x16694</run_address>
         <size>0x16</size>
         <input_file_ref idref="fl-6c"/>
      </object_component>
      <object_component id="oc-5be">
         <name>.text:_outc</name>
         <load_address>0x166aa</load_address>
         <run_address>0x166aa</run_address>
         <size>0x14</size>
         <input_file_ref idref="fl-2a"/>
      </object_component>
      <object_component id="oc-37a">
         <name>.text:memcpy</name>
         <load_address>0x166be</load_address>
         <run_address>0x166be</run_address>
         <size>0x14</size>
         <input_file_ref idref="fl-63"/>
      </object_component>
      <object_component id="oc-59f">
         <name>.text:usciB1SpiClkDiv</name>
         <load_address>0x166d2</load_address>
         <run_address>0x166d2</run_address>
         <size>0x14</size>
         <input_file_ref idref="fl-9"/>
      </object_component>
      <object_component id="oc-73">
         <name>.text:decompress:none:__TI_decompress_none</name>
         <load_address>0x166e6</load_address>
         <run_address>0x166e6</run_address>
         <size>0x12</size>
         <input_file_ref idref="fl-51"/>
      </object_component>
      <object_component id="oc-4ac">
         <name>.text:initTA0</name>
         <load_address>0x166f8</load_address>
         <run_address>0x166f8</run_address>
         <size>0x12</size>
         <input_file_ref idref="fl-3"/>
      </object_component>
      <object_component id="oc-8fb">
         <name>.text:strcpy</name>
         <load_address>0x1670a</load_address>
         <run_address>0x1670a</run_address>
         <size>0x12</size>
         <input_file_ref idref="fl-91"/>
      </object_component>
      <object_component id="oc-7d3">
         <name>.text:toupper</name>
         <load_address>0x1671c</load_address>
         <run_address>0x1671c</run_address>
         <size>0x12</size>
         <input_file_ref idref="fl-80"/>
      </object_component>
      <object_component id="oc-662">
         <name>.text:l_lsr</name>
         <load_address>0x1672e</load_address>
         <run_address>0x1672e</run_address>
         <size>0x10</size>
         <input_file_ref idref="fl-72"/>
      </object_component>
      <object_component id="oc-68c">
         <name>.text:strlen</name>
         <load_address>0x1673e</load_address>
         <run_address>0x1673e</run_address>
         <size>0xe</size>
         <input_file_ref idref="fl-7e"/>
      </object_component>
      <object_component id="oc-57d">
         <name>.text:__mspabi_fltid</name>
         <load_address>0x1674c</load_address>
         <run_address>0x1674c</run_address>
         <size>0xc</size>
         <input_file_ref idref="fl-58"/>
      </object_component>
      <object_component id="oc-570">
         <name>.text:spiTxByte</name>
         <load_address>0x16758</load_address>
         <run_address>0x16758</run_address>
         <size>0xc</size>
         <input_file_ref idref="fl-5"/>
      </object_component>
      <object_component id="oc-5cc">
         <name>.text:ucsiA1UartTxChar</name>
         <load_address>0x16764</load_address>
         <run_address>0x16764</run_address>
         <size>0xc</size>
         <input_file_ref idref="fl-7"/>
      </object_component>
      <object_component id="oc-3ed">
         <name>.text:usciB1SpiPutChar</name>
         <load_address>0x16770</load_address>
         <run_address>0x16770</run_address>
         <size>0xc</size>
         <input_file_ref idref="fl-9"/>
      </object_component>
      <object_component id="oc-577">
         <name>.text:abs</name>
         <load_address>0x1677c</load_address>
         <run_address>0x1677c</run_address>
         <size>0xa</size>
         <input_file_ref idref="fl-68"/>
      </object_component>
      <object_component id="oc-60c">
         <name>.text:fediClr</name>
         <load_address>0x16786</load_address>
         <run_address>0x16786</run_address>
         <size>0xa</size>
         <input_file_ref idref="fl-4"/>
      </object_component>
      <object_component id="oc-4f2">
         <name>.text:rewind</name>
         <load_address>0x16790</load_address>
         <run_address>0x16790</run_address>
         <size>0xa</size>
         <input_file_ref idref="fl-64"/>
      </object_component>
      <object_component id="oc-67a">
         <name>.text</name>
         <load_address>0x1679a</load_address>
         <run_address>0x1679a</run_address>
         <size>0xa</size>
         <input_file_ref idref="fl-41"/>
      </object_component>
      <object_component id="oc-4ff">
         <name>.text:abort</name>
         <load_address>0x167a4</load_address>
         <run_address>0x167a4</run_address>
         <size>0x6</size>
         <input_file_ref idref="fl-5d"/>
      </object_component>
      <object_component id="oc-41c">
         <name>.text:_system_pre_init</name>
         <load_address>0x167aa</load_address>
         <run_address>0x167aa</run_address>
         <size>0x4</size>
         <input_file_ref idref="fl-4f"/>
      </object_component>
      <object_component id="oc-717">
         <name>.text:_nop</name>
         <load_address>0x167ae</load_address>
         <run_address>0x167ae</run_address>
         <size>0x2</size>
         <input_file_ref idref="fl-5e"/>
      </object_component>
      <object_component id="oc-639">
         <name>.text:_system_post_cinit</name>
         <load_address>0x167b0</load_address>
         <run_address>0x167b0</run_address>
         <size>0x2</size>
         <input_file_ref idref="fl-50"/>
      </object_component>
      <object_component id="oc-398">
         <name>.text:_isr:timer0A1ISR</name>
         <load_address>0x4400</load_address>
         <run_address>0x4400</run_address>
         <size>0xca</size>
         <input_file_ref idref="fl-3"/>
      </object_component>
      <object_component id="oc-3b0">
         <name>.text:_isr:_c_int00_noargs</name>
         <load_address>0x44ca</load_address>
         <run_address>0x44ca</run_address>
         <size>0x1c</size>
         <input_file_ref idref="fl-49"/>
      </object_component>
      <object_component id="oc-392">
         <name>.text:_isr:USCI_A1_ISR</name>
         <load_address>0x44e6</load_address>
         <run_address>0x44e6</run_address>
         <size>0x14</size>
         <input_file_ref idref="fl-7"/>
      </object_component>
      <object_component id="oc-38c">
         <name>.text:_isr:usciB1SpiIsr</name>
         <load_address>0x44fa</load_address>
         <run_address>0x44fa</run_address>
         <size>0xa</size>
         <input_file_ref idref="fl-9"/>
      </object_component>
      <object_component id="oc-387">
         <name>.text:_isr:__TI_ISR_TRAP</name>
         <load_address>0x4504</load_address>
         <run_address>0x4504</run_address>
         <size>0x8</size>
         <input_file_ref idref="fl-40"/>
      </object_component>
      <object_component id="oc-9ad">
         <name>.cinit..data.load</name>
         <load_address>0x4880</load_address>
         <run_address>0x4880</run_address>
         <size>0x52</size>
      </object_component>
      <object_component id="oc-9aa">
         <name>__TI_handler_table</name>
         <load_address>0x48d2</load_address>
         <run_address>0x48d2</run_address>
         <size>0xc</size>
      </object_component>
      <object_component id="oc-9ac">
         <name>.cinit..bss.load</name>
         <load_address>0x48de</load_address>
         <run_address>0x48de</run_address>
         <size>0x6</size>
      </object_component>
      <object_component id="oc-9ab">
         <name>__TI_cinit_table</name>
         <load_address>0x48e4</load_address>
         <run_address>0x48e4</run_address>
         <size>0x10</size>
      </object_component>
      <object_component id="oc-6cd">
         <name>.const:.string:_ctypes_</name>
         <load_address>0x450c</load_address>
         <run_address>0x450c</run_address>
         <size>0x101</size>
         <input_file_ref idref="fl-61"/>
      </object_component>
      <object_component id="oc-6ef">
         <name>.const:.string</name>
         <load_address>0x460e</load_address>
         <run_address>0x460e</run_address>
         <size>0xca</size>
         <input_file_ref idref="fl-4"/>
      </object_component>
      <object_component id="oc-5a8">
         <name>.const:.string</name>
         <load_address>0x46d8</load_address>
         <run_address>0x46d8</run_address>
         <size>0xb0</size>
         <input_file_ref idref="fl-8"/>
      </object_component>
      <object_component id="oc-4d6">
         <name>.const:.string</name>
         <load_address>0x4788</load_address>
         <run_address>0x4788</run_address>
         <size>0xaa</size>
         <input_file_ref idref="fl-3"/>
      </object_component>
      <object_component id="oc-5ab">
         <name>.const:.string:$P$T0$1</name>
         <load_address>0x4832</load_address>
         <run_address>0x4832</run_address>
         <size>0x28</size>
         <input_file_ref idref="fl-5"/>
      </object_component>
      <object_component id="oc-74c">
         <name>.const:.string</name>
         <load_address>0x485a</load_address>
         <run_address>0x485a</run_address>
         <size>0x26</size>
         <input_file_ref idref="fl-6a"/>
      </object_component>
      <object_component id="oc-91a">
         <name>.cio</name>
         <uninitialized>true</uninitialized>
         <run_address>0x2832</run_address>
         <size>0x120</size>
         <input_file_ref idref="fl-90"/>
      </object_component>
      <object_component id="oc-93c">
         <name>.binit</name>
         <load_address>0x4400</load_address>
         <run_address>0x4400</run_address>
         <size>0x0</size>
      </object_component>
      <object_component id="oc-79">
         <name>.int41</name>
         <load_address>0xffd2</load_address>
         <run_address>0xffd2</run_address>
         <size>0x2</size>
         <input_file_ref idref="fl-2d"/>
      </object_component>
      <object_component id="oc-7a">
         <name>.int42</name>
         <load_address>0xffd4</load_address>
         <run_address>0xffd4</run_address>
         <size>0x2</size>
         <input_file_ref idref="fl-2e"/>
      </object_component>
      <object_component id="oc-7b">
         <name>.int43</name>
         <load_address>0xffd6</load_address>
         <run_address>0xffd6</run_address>
         <size>0x2</size>
         <input_file_ref idref="fl-2f"/>
      </object_component>
      <object_component id="oc-7c">
         <name>.int44</name>
         <load_address>0xffd8</load_address>
         <run_address>0xffd8</run_address>
         <size>0x2</size>
         <input_file_ref idref="fl-30"/>
      </object_component>
      <object_component id="oc-7d">
         <name>.int45</name>
         <load_address>0xffda</load_address>
         <run_address>0xffda</run_address>
         <size>0x2</size>
         <input_file_ref idref="fl-9"/>
      </object_component>
      <object_component id="oc-7e">
         <name>.int46</name>
         <load_address>0xffdc</load_address>
         <run_address>0xffdc</run_address>
         <size>0x2</size>
         <input_file_ref idref="fl-7"/>
      </object_component>
      <object_component id="oc-7f">
         <name>.int47</name>
         <load_address>0xffde</load_address>
         <run_address>0xffde</run_address>
         <size>0x2</size>
         <input_file_ref idref="fl-31"/>
      </object_component>
      <object_component id="oc-80">
         <name>.int48</name>
         <load_address>0xffe0</load_address>
         <run_address>0xffe0</run_address>
         <size>0x2</size>
         <input_file_ref idref="fl-32"/>
      </object_component>
      <object_component id="oc-81">
         <name>.int49</name>
         <load_address>0xffe2</load_address>
         <run_address>0xffe2</run_address>
         <size>0x2</size>
         <input_file_ref idref="fl-33"/>
      </object_component>
      <object_component id="oc-82">
         <name>.int50</name>
         <load_address>0xffe4</load_address>
         <run_address>0xffe4</run_address>
         <size>0x2</size>
         <input_file_ref idref="fl-34"/>
      </object_component>
      <object_component id="oc-83">
         <name>.int51</name>
         <load_address>0xffe6</load_address>
         <run_address>0xffe6</run_address>
         <size>0x2</size>
         <input_file_ref idref="fl-35"/>
      </object_component>
      <object_component id="oc-84">
         <name>.int52</name>
         <load_address>0xffe8</load_address>
         <run_address>0xffe8</run_address>
         <size>0x2</size>
         <input_file_ref idref="fl-3"/>
      </object_component>
      <object_component id="oc-85">
         <name>.int53</name>
         <load_address>0xffea</load_address>
         <run_address>0xffea</run_address>
         <size>0x2</size>
         <input_file_ref idref="fl-36"/>
      </object_component>
      <object_component id="oc-86">
         <name>.int54</name>
         <load_address>0xffec</load_address>
         <run_address>0xffec</run_address>
         <size>0x2</size>
         <input_file_ref idref="fl-37"/>
      </object_component>
      <object_component id="oc-87">
         <name>.int55</name>
         <load_address>0xffee</load_address>
         <run_address>0xffee</run_address>
         <size>0x2</size>
         <input_file_ref idref="fl-38"/>
      </object_component>
      <object_component id="oc-88">
         <name>.int56</name>
         <load_address>0xfff0</load_address>
         <run_address>0xfff0</run_address>
         <size>0x2</size>
         <input_file_ref idref="fl-39"/>
      </object_component>
      <object_component id="oc-89">
         <name>.int57</name>
         <load_address>0xfff2</load_address>
         <run_address>0xfff2</run_address>
         <size>0x2</size>
         <input_file_ref idref="fl-3a"/>
      </object_component>
      <object_component id="oc-8a">
         <name>.int58</name>
         <load_address>0xfff4</load_address>
         <run_address>0xfff4</run_address>
         <size>0x2</size>
         <input_file_ref idref="fl-3b"/>
      </object_component>
      <object_component id="oc-8b">
         <name>.int59</name>
         <load_address>0xfff6</load_address>
         <run_address>0xfff6</run_address>
         <size>0x2</size>
         <input_file_ref idref="fl-3c"/>
      </object_component>
      <object_component id="oc-8c">
         <name>.int60</name>
         <load_address>0xfff8</load_address>
         <run_address>0xfff8</run_address>
         <size>0x2</size>
         <input_file_ref idref="fl-3d"/>
      </object_component>
      <object_component id="oc-8d">
         <name>.int61</name>
         <load_address>0xfffa</load_address>
         <run_address>0xfffa</run_address>
         <size>0x2</size>
         <input_file_ref idref="fl-3e"/>
      </object_component>
      <object_component id="oc-8e">
         <name>.int62</name>
         <load_address>0xfffc</load_address>
         <run_address>0xfffc</run_address>
         <size>0x2</size>
         <input_file_ref idref="fl-3f"/>
      </object_component>
      <object_component id="oc-36e">
         <name>.reset</name>
         <load_address>0xfffe</load_address>
         <run_address>0xfffe</run_address>
         <size>0x2</size>
         <input_file_ref idref="fl-49"/>
      </object_component>
      <object_component id="oc-49b">
         <name>.debug_info</name>
         <load_address>0x0</load_address>
         <run_address>0x0</run_address>
         <size>0x24c</size>
         <input_file_ref idref="fl-2"/>
      </object_component>
      <object_component id="oc-5b0">
         <name>.debug_info</name>
         <load_address>0x24c</load_address>
         <run_address>0x24c</run_address>
         <size>0x1b3</size>
         <input_file_ref idref="fl-2"/>
      </object_component>
      <object_component id="oc-40d">
         <name>.debug_info</name>
         <load_address>0x3ff</load_address>
         <run_address>0x3ff</run_address>
         <size>0x1ad</size>
         <input_file_ref idref="fl-2"/>
      </object_component>
      <object_component id="oc-6f8">
         <name>.debug_info</name>
         <load_address>0x5ac</load_address>
         <run_address>0x5ac</run_address>
         <size>0x133</size>
         <input_file_ref idref="fl-2"/>
      </object_component>
      <object_component id="oc-4c5">
         <name>.debug_info</name>
         <load_address>0x6df</load_address>
         <run_address>0x6df</run_address>
         <size>0x132</size>
         <input_file_ref idref="fl-2"/>
      </object_component>
      <object_component id="oc-4d2">
         <name>.debug_info</name>
         <load_address>0x811</load_address>
         <run_address>0x811</run_address>
         <size>0x135</size>
         <input_file_ref idref="fl-2"/>
      </object_component>
      <object_component id="oc-375">
         <name>.debug_info</name>
         <load_address>0x946</load_address>
         <run_address>0x946</run_address>
         <size>0x84</size>
         <input_file_ref idref="fl-2"/>
      </object_component>
      <object_component id="oc-3f8">
         <name>.debug_info</name>
         <load_address>0x9ca</load_address>
         <run_address>0x9ca</run_address>
         <size>0x6ab</size>
         <input_file_ref idref="fl-3"/>
      </object_component>
      <object_component id="oc-40a">
         <name>.debug_info</name>
         <load_address>0x1075</load_address>
         <run_address>0x1075</run_address>
         <size>0xd3</size>
         <input_file_ref idref="fl-3"/>
      </object_component>
      <object_component id="oc-6f3">
         <name>.debug_info</name>
         <load_address>0x1148</load_address>
         <run_address>0x1148</run_address>
         <size>0xd1</size>
         <input_file_ref idref="fl-3"/>
      </object_component>
      <object_component id="oc-3f5">
         <name>.debug_info</name>
         <load_address>0x1219</load_address>
         <run_address>0x1219</run_address>
         <size>0xf0</size>
         <input_file_ref idref="fl-3"/>
      </object_component>
      <object_component id="oc-39b">
         <name>.debug_info</name>
         <load_address>0x1309</load_address>
         <run_address>0x1309</run_address>
         <size>0x179</size>
         <input_file_ref idref="fl-3"/>
      </object_component>
      <object_component id="oc-4ad">
         <name>.debug_info</name>
         <load_address>0x1482</load_address>
         <run_address>0x1482</run_address>
         <size>0x129</size>
         <input_file_ref idref="fl-3"/>
      </object_component>
      <object_component id="oc-423">
         <name>.debug_info</name>
         <load_address>0x15ab</load_address>
         <run_address>0x15ab</run_address>
         <size>0x398</size>
         <input_file_ref idref="fl-3"/>
      </object_component>
[...]
         <object_component_ref idref="oc-815"/>
      </symbol>
      <symbol id="sm-72e">
         <name>__mspabi_mpyll_f5hw</name>
         <value>0x15ccc</value>
         <object_component_ref idref="oc-810"/>
      </symbol>
      <symbol id="sm-73e">
         <name>_stack</name>
         <value>0x4360</value>
         <object_component_ref idref="oc-36b"/>
      </symbol>
      <symbol id="sm-73f">
         <name>_c_int00_noargs</name>
         <value>0x44ca</value>
         <object_component_ref idref="oc-3b0"/>
      </symbol>
      <symbol id="sm-740">
         <name>_reset_vector</name>
         <value>0xfffe</value>
         <object_component_ref idref="oc-36e"/>
      </symbol>
      <symbol id="sm-763">
         <name>__TI_auto_init_nobinit_nopinit_hold_wdt</name>
         <value>0x15e32</value>
         <object_component_ref idref="oc-523"/>
      </symbol>
      <symbol id="sm-776">
         <name>__TI_zero_init_nomemset</name>
         <value>0x16590</value>
         <object_component_ref idref="oc-39e"/>
      </symbol>
      <symbol id="sm-785">
         <name>__mspabi_srlll</name>
         <value>0x16282</value>
         <object_component_ref idref="oc-81a"/>
      </symbol>
      <symbol id="sm-78e">
         <name>_system_pre_init</name>
         <value>0x167aa</value>
         <object_component_ref idref="oc-41c"/>
      </symbol>
      <symbol id="sm-797">
         <name>_system_post_cinit</name>
         <value>0x167b0</value>
         <object_component_ref idref="oc-639"/>
      </symbol>
      <symbol id="sm-7a8">
         <name>__TI_decompress_none</name>
         <value>0x166e6</value>
         <object_component_ref idref="oc-73"/>
      </symbol>
      <symbol id="sm-7cb">
         <name>__TI_decompress_lzss</name>
         <value>0x158a2</value>
         <object_component_ref idref="oc-6d"/>
      </symbol>
      <symbol id="sm-805">
         <name>__mspabi_addd</name>
         <value>0x10890</value>
         <object_component_ref idref="oc-589"/>
      </symbol>
      <symbol id="sm-824">
         <name>__mspabi_cmpd</name>
         <value>0x14e06</value>
         <object_component_ref idref="oc-583"/>
      </symbol>
      <symbol id="sm-845">
         <name>__mspabi_divd</name>
         <value>0x1340e</value>
         <object_component_ref idref="oc-6da"/>
      </symbol>
      <symbol id="sm-852">
         <name>__mspabi_fixdi</name>
         <value>0x1651c</value>
         <object_component_ref idref="oc-483"/>
      </symbol>
      <symbol id="sm-861">
         <name>__mspabi_fixdli</name>
         <value>0x15b3c</value>
         <object_component_ref idref="oc-569"/>
      </symbol>
      <symbol id="sm-86a">
         <name>__mspabi_fltid</name>
         <value>0x1674c</value>
         <object_component_ref idref="oc-57d"/>
      </symbol>
      <symbol id="sm-882">
         <name>__mspabi_fltlid</name>
         <value>0x153d4</value>
         <object_component_ref idref="oc-46d"/>
      </symbol>
      <symbol id="sm-89d">
         <name>__TI_frcdivd</name>
         <value>0x1198e</value>
         <object_component_ref idref="oc-787"/>
      </symbol>
      <symbol id="sm-8c3">
         <name>__mspabi_mpyd</name>
         <value>0x12834</value>
         <object_component_ref idref="oc-6e9"/>
      </symbol>
      <symbol id="sm-8cc">
         <name>__mspabi_subd</name>
         <value>0x16358</value>
         <object_component_ref idref="oc-6e3"/>
      </symbol>
      <symbol id="sm-8d6">
         <name>C$$EXIT</name>
         <value>0x167a4</value>
         <object_component_ref idref="oc-4ff"/>
      </symbol>
      <symbol id="sm-8d7">
         <name>abort</name>
         <value>0x167a4</value>
         <object_component_ref idref="oc-4ff"/>
      </symbol>
      <symbol id="sm-8ed">
         <name>_nop</name>
         <value>0x167ae</value>
         <object_component_ref idref="oc-717"/>
      </symbol>
      <symbol id="sm-8ee">
         <name>_lock</name>
         <value>0x281c</value>
         <object_component_ref idref="oc-62b"/>
      </symbol>
      <symbol id="sm-8ef">
         <name>_unlock</name>
         <value>0x2820</value>
         <object_component_ref idref="oc-634"/>
      </symbol>
      <symbol id="sm-903">
         <name>atoi</name>
         <value>0x15c6a</value>
         <object_component_ref idref="oc-5e1"/>
      </symbol>
      <symbol id="sm-90d">
         <name>_ctypes_</name>
         <value>0x450c</value>
         <object_component_ref idref="oc-6cd"/>
      </symbol>
      <symbol id="sm-91d">
         <name>_ftable</name>
         <value>0x2686</value>
         <object_component_ref idref="oc-4ef"/>
      </symbol>
      <symbol id="sm-92b">
         <name>memcpy</name>
         <value>0x166be</value>
         <object_component_ref idref="oc-37a"/>
      </symbol>
      <symbol id="sm-937">
         <name>rewind</name>
         <value>0x16790</value>
         <object_component_ref idref="oc-4f2"/>
      </symbol>
      <symbol id="sm-945">
         <name>strcmp</name>
         <value>0x16634</value>
         <object_component_ref idref="oc-5e7"/>
      </symbol>
      <symbol id="sm-95b">
         <name>strtok</name>
         <value>0x15eda</value>
         <object_component_ref idref="oc-5d5"/>
      </symbol>
      <symbol id="sm-983">
         <name>strtol</name>
         <value>0x12fae</value>
         <object_component_ref idref="oc-5ed"/>
      </symbol>
      <symbol id="sm-98d">
         <name>abs</name>
         <value>0x1677c</value>
         <object_component_ref idref="oc-577"/>
      </symbol>
      <symbol id="sm-994">
         <name>errno</name>
         <value>0x2830</value>
         <object_component_ref idref="oc-6d4"/>
      </symbol>
      <symbol id="sm-b63">
         <name>__TI_printfi</name>
         <value>0x1258e</value>
         <object_component_ref idref="oc-5c4"/>
      </symbol>
      <symbol id="sm-b78">
         <name>fseek</name>
         <value>0x15ad2</value>
         <object_component_ref idref="oc-61d"/>
      </symbol>
      <symbol id="sm-b90">
         <name>wcslen</name>
         <value>0x16694</value>
         <object_component_ref idref="oc-761"/>
      </symbol>
      <symbol id="sm-bac">
         <name>frexpl</name>
         <value>0x1532e</value>
         <object_component_ref idref="oc-86c"/>
      </symbol>
      <symbol id="sm-bad">
         <name>frexp</name>
         <value>0x1532e</value>
         <object_component_ref idref="oc-86c"/>
      </symbol>
      <symbol id="sm-bc6">
         <name>scalbn</name>
         <value>0x143ca</value>
         <object_component_ref idref="oc-8d4"/>
      </symbol>
      <symbol id="sm-bc7">
         <name>scalbnl</name>
         <value>0x143ca</value>
         <object_component_ref idref="oc-8d4"/>
      </symbol>
      <symbol id="sm-bc8">
         <name>ldexpl</name>
         <value>0x143ca</value>
         <object_component_ref idref="oc-8d4"/>
      </symbol>
      <symbol id="sm-bc9">
         <name>ldexp</name>
         <value>0x143ca</value>
         <object_component_ref idref="oc-8d4"/>
      </symbol>
      <symbol id="sm-bd1">
         <name>__mspabi_sral_15</name>
         <value>0x16114</value>
         <object_component_ref idref="oc-807"/>
      </symbol>
      <symbol id="sm-bd2">
         <name>__mspabi_sral_14</name>
         <value>0x16118</value>
         <object_component_ref idref="oc-807"/>
      </symbol>
      <symbol id="sm-bd3">
         <name>__mspabi_sral_13</name>
         <value>0x1611c</value>
         <object_component_ref idref="oc-807"/>
      </symbol>
      <symbol id="sm-bd4">
         <name>__mspabi_sral_12</name>
         <value>0x16120</value>
         <object_component_ref idref="oc-807"/>
      </symbol>
      <symbol id="sm-bd5">
         <name>__mspabi_sral_11</name>
         <value>0x16124</value>
         <object_component_ref idref="oc-807"/>
      </symbol>
      <symbol id="sm-bd6">
         <name>__mspabi_sral_10</name>
         <value>0x16128</value>
         <object_component_ref idref="oc-807"/>
      </symbol>
      <symbol id="sm-bd7">
         <name>__mspabi_sral_8</name>
         <value>0x16130</value>
         <object_component_ref idref="oc-807"/>
      </symbol>
      <symbol id="sm-bd8">
         <name>__mspabi_sral_9</name>
         <value>0x1612c</value>
         <object_component_ref idref="oc-807"/>
      </symbol>
      <symbol id="sm-bd9">
         <name>__mspabi_sral_6</name>
         <value>0x16138</value>
         <object_component_ref idref="oc-807"/>
      </symbol>
      <symbol id="sm-bda">
         <name>__mspabi_sral_7</name>
         <value>0x16134</value>
         <object_component_ref idref="oc-807"/>
      </symbol>
      <symbol id="sm-bdb">
         <name>__mspabi_sral_4</name>
         <value>0x16140</value>
         <object_component_ref idref="oc-807"/>
      </symbol>
      <symbol id="sm-bdc">
         <name>__mspabi_sral_5</name>
         <value>0x1613c</value>
         <object_component_ref idref="oc-807"/>
      </symbol>
      <symbol id="sm-bdd">
         <name>__mspabi_sral_2</name>
         <value>0x16148</value>
         <object_component_ref idref="oc-807"/>
      </symbol>
      <symbol id="sm-bde">
         <name>__mspabi_sral_3</name>
         <value>0x16144</value>
         <object_component_ref idref="oc-807"/>
      </symbol>
      <symbol id="sm-bdf">
         <name>__mspabi_sral_1</name>
         <value>0x1614c</value>
         <object_component_ref idref="oc-807"/>
      </symbol>
      <symbol id="sm-be9">
         <name>__mspabi_remu</name>
         <value>0x1667e</value>
         <object_component_ref idref="oc-83d"/>
      </symbol>
      <symbol id="sm-bea">
         <name>__mspabi_divu</name>
         <value>0x1667e</value>
         <object_component_ref idref="oc-83d"/>
      </symbol>
      <symbol id="sm-bf2">
         <name>__mspabi_slll_9</name>
         <value>0x1616a</value>
         <object_component_ref idref="oc-54c"/>
      </symbol>
      <symbol id="sm-bf3">
         <name>__mspabi_slll_8</name>
         <value>0x1616e</value>
         <object_component_ref idref="oc-54c"/>
      </symbol>
      <symbol id="sm-bf4">
         <name>__mspabi_slll_7</name>
         <value>0x16172</value>
         <object_component_ref idref="oc-54c"/>
      </symbol>
      <symbol id="sm-bf5">
         <name>__mspabi_slll_6</name>
         <value>0x16176</value>
         <object_component_ref idref="oc-54c"/>
      </symbol>
      <symbol id="sm-bf6">
         <name>__mspabi_slll_5</name>
         <value>0x1617a</value>
         <object_component_ref idref="oc-54c"/>
      </symbol>
      <symbol id="sm-bf7">
         <name>__mspabi_slll_4</name>
         <value>0x1617e</value>
         <object_component_ref idref="oc-54c"/>
      </symbol>
      <symbol id="sm-bf8">
         <name>__mspabi_slll_3</name>
         <value>0x16182</value>
         <object_component_ref idref="oc-54c"/>
      </symbol>
      <symbol id="sm-bf9">
         <name>__mspabi_slll_2</name>
         <value>0x16186</value>
         <object_component_ref idref="oc-54c"/>
      </symbol>
      <symbol id="sm-bfa">
         <name>__mspabi_slll_1</name>
         <value>0x1618a</value>
         <object_component_ref idref="oc-54c"/>
      </symbol>
      <symbol id="sm-bfb">
         <name>__mspabi_slll_15</name>
         <value>0x16152</value>
         <object_component_ref idref="oc-54c"/>
      </symbol>
      <symbol id="sm-bfc">
         <name>__mspabi_slll_14</name>
         <value>0x16156</value>
         <object_component_ref idref="oc-54c"/>
      </symbol>
      <symbol id="sm-bfd">
         <name>__mspabi_slll_13</name>
         <value>0x1615a</value>
         <object_component_ref idref="oc-54c"/>
      </symbol>
      <symbol id="sm-bfe">
         <name>__mspabi_slll_12</name>
         <value>0x1615e</value>
         <object_component_ref idref="oc-54c"/>
      </symbol>
      <symbol id="sm-bff">
         <name>__mspabi_slll_11</name>
         <value>0x16162</value>
         <object_component_ref idref="oc-54c"/>
      </symbol>
      <symbol id="sm-c00">
         <name>__mspabi_slll_10</name>
         <value>0x16166</value>
         <object_component_ref idref="oc-54c"/>
      </symbol>
      <symbol id="sm-c10">
         <name>__mspabi_srll_8</name>
         <value>0x161ac</value>
         <object_component_ref idref="oc-551"/>
      </symbol>
      <symbol id="sm-c11">
         <name>__mspabi_srll_9</name>
         <value>0x161a8</value>
         <object_component_ref idref="oc-551"/>
      </symbol>
      <symbol id="sm-c12">
         <name>__mspabi_srll_6</name>
         <value>0x161b4</value>
         <object_component_ref idref="oc-551"/>
      </symbol>
      <symbol id="sm-c13">
         <name>__mspabi_srll_7</name>
         <value>0x161b0</value>
         <object_component_ref idref="oc-551"/>
      </symbol>
      <symbol id="sm-c14">
         <name>__mspabi_srll_4</name>
         <value>0x161bc</value>
         <object_component_ref idref="oc-551"/>
      </symbol>
      <symbol id="sm-c15">
         <name>__mspabi_srll_5</name>
         <value>0x161b8</value>
         <object_component_ref idref="oc-551"/>
      </symbol>
      <symbol id="sm-c16">
         <name>__mspabi_srll_2</name>
         <value>0x161c4</value>
         <object_component_ref idref="oc-551"/>
      </symbol>
      <symbol id="sm-c17">
         <name>__mspabi_srll_3</name>
         <value>0x161c0</value>
         <object_component_ref idref="oc-551"/>
      </symbol>
      <symbol id="sm-c18">
         <name>__mspabi_srll_1</name>
         <value>0x161c8</value>
         <object_component_ref idref="oc-551"/>
      </symbol>
      <symbol id="sm-c19">
         <name>__mspabi_srll_15</name>
         <value>0x16190</value>
         <object_component_ref idref="oc-551"/>
      </symbol>
      <symbol id="sm-c1a">
         <name>__mspabi_srll_14</name>
         <value>0x16194</value>
         <object_component_ref idref="oc-551"/>
      </symbol>
      <symbol id="sm-c1b">
         <name>__mspabi_srll_13</name>
         <value>0x16198</value>
         <object_component_ref idref="oc-551"/>
      </symbol>
      <symbol id="sm-c1c">
         <name>__mspabi_srll_12</name>
         <value>0x1619c</value>
         <object_component_ref idref="oc-551"/>
      </symbol>
      <symbol id="sm-c1d">
         <name>__mspabi_srll_11</name>
         <value>0x161a0</value>
         <object_component_ref idref="oc-551"/>
      </symbol>
      <symbol id="sm-c1e">
         <name>__mspabi_srll_10</name>
         <value>0x161a4</value>
         <object_component_ref idref="oc-551"/>
      </symbol>
      <symbol id="sm-c1f">
         <name>__mspabi_srll</name>
         <value>0x1672e</value>
         <object_component_ref idref="oc-662"/>
      </symbol>
      <symbol id="sm-c2d">
         <name>__mspabi_srall</name>
         <value>0x16054</value>
         <object_component_ref idref="oc-66c"/>
      </symbol>
      <symbol id="sm-c3a">
         <name>__mspabi_sllll</name>
         <value>0x16248</value>
         <object_component_ref idref="oc-672"/>
      </symbol>
      <symbol id="sm-c6d">
         <name>__mspabi_divull</name>
         <value>0x12240</value>
         <object_component_ref idref="oc-837"/>
      </symbol>
      <symbol id="sm-c78">
         <name>__TI_frcmpyd</name>
         <value>0x14266</value>
         <object_component_ref idref="oc-792"/>
      </symbol>
      <symbol id="sm-c81">
         <name>__mspabi_negd</name>
         <value>0x163ea</value>
         <object_component_ref idref="oc-7d9"/>
      </symbol>
      <symbol id="sm-c90">
         <name>__TI_ltoa</name>
         <value>0x156ba</value>
         <object_component_ref idref="oc-8c2"/>
      </symbol>
      <symbol id="sm-c9f">
         <name>memccpy</name>
         <value>0x1656a</value>
         <object_component_ref idref="oc-759"/>
      </symbol>
      <symbol id="sm-cad">
         <name>memset</name>
         <value>0x16668</value>
         <object_component_ref idref="oc-746"/>
      </symbol>
      <symbol id="sm-cbc">
         <name>strchr</name>
         <value>0x16618</value>
         <object_component_ref idref="oc-8da"/>
      </symbol>
      <symbol id="sm-ccc">
         <name>strcspn</name>
         <value>0x16472</value>
         <object_component_ref idref="oc-6c4"/>
      </symbol>
      <symbol id="sm-cd9">
         <name>strlen</name>
         <value>0x1673e</value>
         <object_component_ref idref="oc-68c"/>
      </symbol>
      <symbol id="sm-ceb">
         <name>strspn</name>
         <value>0x164f2</value>
         <object_component_ref idref="oc-6be"/>
      </symbol>
      <symbol id="sm-cf8">
         <name>toupper</name>
         <value>0x1671c</value>
         <object_component_ref idref="oc-7d3"/>
      </symbol>
      <symbol id="sm-d0b">
         <name>lseek</name>
         <value>0x161ce</value>
         <object_component_ref idref="oc-70b"/>
      </symbol>
      <symbol id="sm-d1c">
         <name>__TI_doflush</name>
         <value>0x15ba2</value>
         <object_component_ref idref="oc-705"/>
      </symbol>
      <symbol id="sm-d25">
         <name>copysign</name>
         <value>0x16418</value>
         <object_component_ref idref="oc-90e"/>
      </symbol>
      <symbol id="sm-d26">
         <name>copysignl</name>
         <value>0x16418</value>
         <object_component_ref idref="oc-90e"/>
      </symbol>
      <symbol id="sm-d36">
         <name>write</name>
         <value>0x1620c</value>
         <object_component_ref idref="oc-79d"/>
      </symbol>
      <symbol id="sm-d45">
         <name>_stream</name>
         <value>0x27c6</value>
         <object_component_ref idref="oc-7a5"/>
      </symbol>
      <symbol id="sm-d46">
         <name>_device</name>
         <value>0x274e</value>
         <object_component_ref idref="oc-827"/>
      </symbol>
      <symbol id="sm-d53">
         <name>HOSTclose</name>
         <value>0x15f2e</value>
         <object_component_ref idref="oc-890"/>
      </symbol>
      <symbol id="sm-d5f">
         <name>HOSTlseek</name>
         <value>0x15472</value>
         <object_component_ref idref="oc-8a2"/>
      </symbol>
      <symbol id="sm-d6d">
         <name>parmbuf</name>
         <value>0x265c</value>
      </symbol>
      <symbol id="sm-d6e">
         <name>HOSTopen</name>
         <value>0x1598c</value>
         <object_component_ref idref="oc-88a"/>
      </symbol>
      <symbol id="sm-d7b">
         <name>HOSTread</name>
         <value>0x15a68</value>
         <object_component_ref idref="oc-896"/>
      </symbol>
      <symbol id="sm-d87">
         <name>HOSTrename</name>
         <value>0x15918</value>
         <object_component_ref idref="oc-8ae"/>
      </symbol>
      <symbol id="sm-d93">
         <name>HOSTunlink</name>
         <value>0x15fca</value>
         <object_component_ref idref="oc-8a8"/>
      </symbol>
      <symbol id="sm-da0">
         <name>HOSTwrite</name>
         <value>0x159fc</value>
         <object_component_ref idref="oc-89c"/>
      </symbol>
      <symbol id="sm-dbe">
         <name>__TI_readmsg</name>
         <value>0x16326</value>
         <object_component_ref idref="oc-8ea"/>
      </symbol>
      <symbol id="sm-dbf">
         <name>C$$IO$$</name>
         <value>0x162ee</value>
         <object_component_ref idref="oc-8e4"/>
      </symbol>
      <symbol id="sm-dc0">
         <name>_CIOBUF_</name>
         <value>0x2832</value>
         <object_component_ref idref="oc-91a"/>
      </symbol>
      <symbol id="sm-dc1">
         <name>__TI_writemsg</name>
         <value>0x162bc</value>
         <object_component_ref idref="oc-8e4"/>
      </symbol>
      <symbol id="sm-dce">
         <name>strcpy</name>
         <value>0x1670a</value>
         <object_component_ref idref="oc-8fb"/>
      </symbol>
   </symbol_table>
   <title>Link successful</title>
</link_info>
